Archive member included to satisfy reference by file (symbol)

D:/ST/STM32CubeIDE_1.15.1/STM32CubeIDE/plugins/com.st.stm32cube.ide.mcu.externaltools.gnu-tools-for-stm32.12.3.rel1.win32_1.0.100.202403111256/tools/bin/../lib/gcc/arm-none-eabi/12.3.1/../../../../arm-none-eabi/lib/thumb/v7e-m+fp/hard\libc_nano.a(libc_a-exit.o)
                              D:/ST/STM32CubeIDE_1.15.1/STM32CubeIDE/plugins/com.st.stm32cube.ide.mcu.externaltools.gnu-tools-for-stm32.12.3.rel1.win32_1.0.100.202403111256/tools/bin/../lib/gcc/arm-none-eabi/12.3.1/../../../../arm-none-eabi/lib/thumb/v7e-m+fp/hard/crt0.o (exit)
D:/ST/STM32CubeIDE_1.15.1/STM32CubeIDE/plugins/com.st.stm32cube.ide.mcu.externaltools.gnu-tools-for-stm32.12.3.rel1.win32_1.0.100.202403111256/tools/bin/../lib/gcc/arm-none-eabi/12.3.1/../../../../arm-none-eabi/lib/thumb/v7e-m+fp/hard\libc_nano.a(libc_a-findfp.o)
                              D:/ST/STM32CubeIDE_1.15.1/STM32CubeIDE/plugins/com.st.stm32cube.ide.mcu.externaltools.gnu-tools-for-stm32.12.3.rel1.win32_1.0.100.202403111256/tools/bin/../lib/gcc/arm-none-eabi/12.3.1/../../../../arm-none-eabi/lib/thumb/v7e-m+fp/hard\libc_nano.a(libc_a-exit.o) (__stdio_exit_handler)
D:/ST/STM32CubeIDE_1.15.1/STM32CubeIDE/plugins/com.st.stm32cube.ide.mcu.externaltools.gnu-tools-for-stm32.12.3.rel1.win32_1.0.100.202403111256/tools/bin/../lib/gcc/arm-none-eabi/12.3.1/../../../../arm-none-eabi/lib/thumb/v7e-m+fp/hard\libc_nano.a(libc_a-fwalk.o)
                              D:/ST/STM32CubeIDE_1.15.1/STM32CubeIDE/plugins/com.st.stm32cube.ide.mcu.externaltools.gnu-tools-for-stm32.12.3.rel1.win32_1.0.100.202403111256/tools/bin/../lib/gcc/arm-none-eabi/12.3.1/../../../../arm-none-eabi/lib/thumb/v7e-m+fp/hard\libc_nano.a(libc_a-findfp.o) (_fwalk_sglue)
D:/ST/STM32CubeIDE_1.15.1/STM32CubeIDE/plugins/com.st.stm32cube.ide.mcu.externaltools.gnu-tools-for-stm32.12.3.rel1.win32_1.0.100.202403111256/tools/bin/../lib/gcc/arm-none-eabi/12.3.1/../../../../arm-none-eabi/lib/thumb/v7e-m+fp/hard\libc_nano.a(libc_a-stdio.o)
                              D:/ST/STM32CubeIDE_1.15.1/STM32CubeIDE/plugins/com.st.stm32cube.ide.mcu.externaltools.gnu-tools-for-stm32.12.3.rel1.win32_1.0.100.202403111256/tools/bin/../lib/gcc/arm-none-eabi/12.3.1/../../../../arm-none-eabi/lib/thumb/v7e-m+fp/hard\libc_nano.a(libc_a-findfp.o) (__sread)
D:/ST/STM32CubeIDE_1.15.1/STM32CubeIDE/plugins/com.st.stm32cube.ide.mcu.externaltools.gnu-tools-for-stm32.12.3.rel1.win32_1.0.100.202403111256/tools/bin/../lib/gcc/arm-none-eabi/12.3.1/../../../../arm-none-eabi/lib/thumb/v7e-m+fp/hard\libc_nano.a(libc_a-memset.o)
                              D:/ST/STM32CubeIDE_1.15.1/STM32CubeIDE/plugins/com.st.stm32cube.ide.mcu.externaltools.gnu-tools-for-stm32.12.3.rel1.win32_1.0.100.202403111256/tools/bin/../lib/gcc/arm-none-eabi/12.3.1/../../../../arm-none-eabi/lib/thumb/v7e-m+fp/hard/crt0.o (memset)
D:/ST/STM32CubeIDE_1.15.1/STM32CubeIDE/plugins/com.st.stm32cube.ide.mcu.externaltools.gnu-tools-for-stm32.12.3.rel1.win32_1.0.100.202403111256/tools/bin/../lib/gcc/arm-none-eabi/12.3.1/../../../../arm-none-eabi/lib/thumb/v7e-m+fp/hard\libc_nano.a(libc_a-closer.o)
                              D:/ST/STM32CubeIDE_1.15.1/STM32CubeIDE/plugins/com.st.stm32cube.ide.mcu.externaltools.gnu-tools-for-stm32.12.3.rel1.win32_1.0.100.202403111256/tools/bin/../lib/gcc/arm-none-eabi/12.3.1/../../../../arm-none-eabi/lib/thumb/v7e-m+fp/hard\libc_nano.a(libc_a-stdio.o) (_close_r)
D:/ST/STM32CubeIDE_1.15.1/STM32CubeIDE/plugins/com.st.stm32cube.ide.mcu.externaltools.gnu-tools-for-stm32.12.3.rel1.win32_1.0.100.202403111256/tools/bin/../lib/gcc/arm-none-eabi/12.3.1/../../../../arm-none-eabi/lib/thumb/v7e-m+fp/hard\libc_nano.a(libc_a-reent.o)
                              D:/ST/STM32CubeIDE_1.15.1/STM32CubeIDE/plugins/com.st.stm32cube.ide.mcu.externaltools.gnu-tools-for-stm32.12.3.rel1.win32_1.0.100.202403111256/tools/bin/../lib/gcc/arm-none-eabi/12.3.1/../../../../arm-none-eabi/lib/thumb/v7e-m+fp/hard\libc_nano.a(libc_a-closer.o) (errno)
D:/ST/STM32CubeIDE_1.15.1/STM32CubeIDE/plugins/com.st.stm32cube.ide.mcu.externaltools.gnu-tools-for-stm32.12.3.rel1.win32_1.0.100.202403111256/tools/bin/../lib/gcc/arm-none-eabi/12.3.1/../../../../arm-none-eabi/lib/thumb/v7e-m+fp/hard\libc_nano.a(libc_a-impure.o)
                              D:/ST/STM32CubeIDE_1.15.1/STM32CubeIDE/plugins/com.st.stm32cube.ide.mcu.externaltools.gnu-tools-for-stm32.12.3.rel1.win32_1.0.100.202403111256/tools/bin/../lib/gcc/arm-none-eabi/12.3.1/../../../../arm-none-eabi/lib/thumb/v7e-m+fp/hard\libc_nano.a(libc_a-reent.o) (_impure_ptr)
D:/ST/STM32CubeIDE_1.15.1/STM32CubeIDE/plugins/com.st.stm32cube.ide.mcu.externaltools.gnu-tools-for-stm32.12.3.rel1.win32_1.0.100.202403111256/tools/bin/../lib/gcc/arm-none-eabi/12.3.1/../../../../arm-none-eabi/lib/thumb/v7e-m+fp/hard\libc_nano.a(libc_a-lseekr.o)
[...]
Memory Configuration

Name             Origin             Length             Attributes
RAM              0x20000000         0x00018000         xrw
RAM2             0x10000000         0x00008000         xrw
FLASH            0x08000000         0x00100000         xr
*default*        0x00000000         0xffffffff

Linker script and memory map

LOAD D:/ST/STM32CubeIDE_1.15.1/STM32CubeIDE/plugins/com.st.stm32cube.ide.mcu.externaltools.gnu-tools-for-stm32.12.3.rel1.win32_1.0.100.202403111256/tools/bin/../lib/gcc/arm-none-eabi/12.3.1/thumb/v7e-m+fp/hard/crti.o
LOAD D:/ST/STM32CubeIDE_1.15.1/STM32CubeIDE/plugins/com.st.stm32cube.ide.mcu.externaltools.gnu-tools-for-stm32.12.3.rel1.win32_1.0.100.202403111256/tools/bin/../lib/gcc/arm-none-eabi/12.3.1/thumb/v7e-m+fp/hard/crtbegin.o
LOAD D:/ST/STM32CubeIDE_1.15.1/STM32CubeIDE/plugins/com.st.stm32cube.ide.mcu.externaltools.gnu-tools-for-stm32.12.3.rel1.win32_1.0.100.202403111256/tools/bin/../lib/gcc/arm-none-eabi/12.3.1/../../../../arm-none-eabi/lib/thumb/v7e-m+fp/hard/crt0.o
LOAD ./Core/Src/main.o
LOAD ./Core/Src/stm32l4xx_hal_msp.o
LOAD ./Core/Src/stm32l4xx_it.o
LOAD ./Core/Src/syscalls.o
LOAD ./Core/Src/sysmem.o
LOAD ./Core/Src/system_stm32l4xx.o
LOAD ./Core/Startup/startup_stm32l476rgtx.o
LOAD ./Drivers/STM32L4xx_HAL_Driver/Src/stm32l4xx_hal.o
LOAD ./Drivers/STM32L4xx_HAL_Driver/Src/stm32l4xx_hal_cortex.o
LOAD ./Drivers/STM32L4xx_HAL_Driver/Src/stm32l4xx_hal_dma.o
LOAD ./Drivers/STM32L4xx_HAL_Driver/Src/stm32l4xx_hal_dma_ex.o
LOAD ./Drivers/STM32L4xx_HAL_Driver/Src/stm32l4xx_hal_exti.o
LOAD ./Drivers/STM32L4xx_HAL_Driver/Src/stm32l4xx_hal_flash.o
LOAD ./Drivers/STM32L4xx_HAL_Driver/Src/stm32l4xx_hal_flash_ex.o
LOAD ./Drivers/STM32L4xx_HAL_Driver/Src/stm32l4xx_hal_flash_ramfunc.o
LOAD ./Drivers/STM32L4xx_HAL_Driver/Src/stm32l4xx_hal_gpio.o
LOAD ./Drivers/STM32L4xx_HAL_Driver/Src/stm32l4xx_hal_i2c.o
LOAD ./Drivers/STM32L4xx_HAL_Driver/Src/stm32l4xx_hal_i2c_ex.o
LOAD ./Drivers/STM32L4xx_HAL_Driver/Src/stm32l4xx_hal_pwr.o
LOAD ./Drivers/STM32L4xx_HAL_Driver/Src/stm32l4xx_hal_pwr_ex.o
LOAD ./Drivers/STM32L4xx_HAL_Driver/Src/stm32l4xx_hal_rcc.o
LOAD ./Drivers/STM32L4xx_HAL_Driver/Src/stm32l4xx_hal_rcc_ex.o
LOAD ./Drivers/STM32L4xx_HAL_Driver/Src/stm32l4xx_hal_tim.o
LOAD ./Drivers/STM32L4xx_HAL_Driver/Src/stm32l4xx_hal_tim_ex.o
LOAD ./Libraries/stm32-bme280-master/bme280.o
START GROUP
LOAD D:/ST/STM32CubeIDE_1.15.1/STM32CubeIDE/plugins/com.st.stm32cube.ide.mcu.externaltools.gnu-tools-for-stm32.12.3.rel1.win32_1.0.100.202403111256/tools/bin/../lib/gcc/arm-none-eabi/12.3.1/../../../../arm-none-eabi/lib/thumb/v7e-m+fp/hard\libc_nano.a
LOAD D:/ST/STM32CubeIDE_1.15.1/STM32CubeIDE/plugins/com.st.stm32cube.ide.mcu.externaltools.gnu-tools-for-stm32.12.3.rel1.win32_1.0.100.202403111256/tools/bin/../lib/gcc/arm-none-eabi/12.3.1/../../../../arm-none-eabi/lib/thumb/v7e-m+fp/hard\libm.a
END GROUP
START GROUP
LOAD D:/ST/STM32CubeIDE_1.15.1/STM32CubeIDE/plugins/com.st.stm32cube.ide.mcu.externaltools.gnu-tools-for-stm32.12.3.rel1.win32_1.0.100.202403111256/tools/bin/../lib/gcc/arm-none-eabi/12.3.1/thumb/v7e-m+fp/hard\libgcc.a
LOAD D:/ST/STM32CubeIDE_1.15.1/STM32CubeIDE/plugins/com.st.stm32cube.ide.mcu.externaltools.gnu-tools-for-stm32.12.3.rel1.win32_1.0.100.202403111256/tools/bin/../lib/gcc/arm-none-eabi/12.3.1/../../../../arm-none-eabi/lib/thumb/v7e-m+fp/hard\libc_nano.a
END GROUP
START GROUP
LOAD D:/ST/STM32CubeIDE_1.15.1/STM32CubeIDE/plugins/com.st.stm32cube.ide.mcu.externaltools.gnu-tools-for-stm32.12.3.rel1.win32_1.0.100.202403111256/tools/bin/../lib/gcc/arm-none-eabi/12.3.1/thumb/v7e-m+fp/hard\libgcc.a
LOAD D:/ST/STM32CubeIDE_1.15.1/STM32CubeIDE/plugins/com.st.stm32cube.ide.mcu.externaltools.gnu-tools-for-stm32.12.3.rel1.win32_1.0.100.202403111256/tools/bin/../lib/gcc/arm-none-eabi/12.3.1/../../../../arm-none-eabi/lib/thumb/v7e-m+fp/hard\libc_nano.a
LOAD D:/ST/STM32CubeIDE_1.15.1/STM32CubeIDE/plugins/com.st.stm32cube.ide.mcu.externaltools.gnu-tools-for-stm32.12.3.rel1.win32_1.0.100.202403111256/tools/bin/../lib/gcc/arm-none-eabi/12.3.1/../../../../arm-none-eabi/lib/thumb/v7e-m+fp/hard\libnosys.a
END GROUP
START GROUP
LOAD D:/ST/STM32CubeIDE_1.15.1/STM32CubeIDE/plugins/com.st.stm32cube.ide.mcu.externaltools.gnu-tools-for-stm32.12.3.rel1.win32_1.0.100.202403111256/tools/bin/../lib/gcc/arm-none-eabi/12.3.1/thumb/v7e-m+fp/hard\libgcc.a
LOAD D:/ST/STM32CubeIDE_1.15.1/STM32CubeIDE/plugins/com.st.stm32cube.ide.mcu.externaltools.gnu-tools-for-stm32.12.3.rel1.win32_1.0.100.202403111256/tools/bin/../lib/gcc/arm-none-eabi/12.3.1/../../../../arm-none-eabi/lib/thumb/v7e-m+fp/hard\libc_nano.a
LOAD D:/ST/STM32CubeIDE_1.15.1/STM32CubeIDE/plugins/com.st.stm32cube.ide.mcu.externaltools.gnu-tools-for-stm32.12.3.rel1.win32_1.0.100.202403111256/tools/bin/../lib/gcc/arm-none-eabi/12.3.1/../../../../arm-none-eabi/lib/thumb/v7e-m+fp/hard\libnosys.a
END GROUP
LOAD D:/ST/STM32CubeIDE_1.15.1/STM32CubeIDE/plugins/com.st.stm32cube.ide.mcu.externaltools.gnu-tools-for-stm32.12.3.rel1.win32_1.0.100.202403111256/tools/bin/../lib/gcc/arm-none-eabi/12.3.1/thumb/v7e-m+fp/hard/crtend.o
LOAD D:/ST/STM32CubeIDE_1.15.1/STM32CubeIDE/plugins/com.st.stm32cube.ide.mcu.externaltools.gnu-tools-for-stm32.12.3.rel1.win32_1.0.100.202403111256/tools/bin/../lib/gcc/arm-none-eabi/12.3.1/thumb/v7e-m+fp/hard/crtn.o
                0x20018000                        _estack = (ORIGIN (RAM) + LENGTH (RAM))
                0x00000200                        _Min_Heap_Size = 0x200
                0x00000400                        _Min_Stack_Size = 0x400

.isr_vector     0x08000000      0x188
                0x08000000                        . = ALIGN (0x4)
 *(.isr_vector)
 .isr_vector    0x08000000      0x188 ./Core/Startup/startup_stm32l476rgtx.o
                0x08000000                g_pfnVectors
                0x08000188                        . = ALIGN (0x4)

.text           0x08000188     0x2f0c
                0x08000188                        . = ALIGN (0x4)
 *(.text)
 .text          0x08000188       0x40 D:/ST/STM32CubeIDE_1.15.1/STM32CubeIDE/plugins/com.st.stm32cube.ide.mcu.externaltools.gnu-tools-for-stm32.12.3.rel1.win32_1.0.100.202403111256/tools/bin/../lib/gcc/arm-none-eabi/12.3.1/thumb/v7e-m+fp/hard/crtbegin.o
 *(.text*)
 .text.user_delay_ms
                0x080001c8       0x16 ./Core/Src/main.o
                0x080001c8                user_delay_ms
 *fill*         0x080001de        0x2 
 .text.main     0x080001e0       0x94 ./Core/Src/main.o
                0x080001e0                main
 .text.SystemClock_Config
                0x08000274       0x8c ./Core/Src/main.o
                0x08000274                SystemClock_Config
 .text.MX_I2C1_Init
                0x08000300       0x7c ./Core/Src/main.o
 .text.MX_GPIO_Init
                0x0800037c       0x7c ./Core/Src/main.o
 .text.Error_Handler
                0x080003f8        0xc ./Core/Src/main.o
                0x080003f8                Error_Handler
 .text.HAL_MspInit
                0x08000404       0x48 ./Core/Src/stm32l4xx_hal_msp.o
                0x08000404                HAL_MspInit
 .text.HAL_I2C_MspInit
                0x0800044c       0xbc ./Core/Src/stm32l4xx_hal_msp.o
                0x0800044c                HAL_I2C_MspInit
 .text.NMI_Handler
                0x08000508        0x8 ./Core/Src/stm32l4xx_it.o
                0x08000508                NMI_Handler
 .text.HardFault_Handler
                0x08000510        0x8 ./Core/Src/stm32l4xx_it.o
                0x08000510                HardFault_Handler
 .text.MemManage_Handler
                0x08000518        0x8 ./Core/Src/stm32l4xx_it.o
                0x08000518                MemManage_Handler
 .text.BusFault_Handler
                0x08000520        0x8 ./Core/Src/stm32l4xx_it.o
                0x08000520                BusFault_Handler
 .text.UsageFault_Handler
                0x08000528        0x8 ./Core/Src/stm32l4xx_it.o
                0x08000528                UsageFault_Handler
 .text.SVC_Handler
                0x08000530        0xe ./Core/Src/stm32l4xx_it.o
                0x08000530                SVC_Handler
 .text.DebugMon_Handler
                0x0800053e        0xe ./Core/Src/stm32l4xx_it.o
                0x0800053e                DebugMon_Handler
 .text.PendSV_Handler
                0x0800054c        0xe ./Core/Src/stm32l4xx_it.o
                0x0800054c                PendSV_Handler
 .text.SysTick_Handler
                0x0800055a        0xc ./Core/Src/stm32l4xx_it.o
                0x0800055a                SysTick_Handler
 *fill*         0x08000566        0x2 
 .text.SystemInit
                0x08000568       0x24 ./Core/Src/system_stm32l4xx.o
                0x08000568                SystemInit
 .text.Reset_Handler
                0x0800058c       0x50 ./Core/Startup/startup_stm32l476rgtx.o
                0x0800058c                Reset_Handler
 .text.Default_Handler
                0x080005dc        0x2 ./Core/Startup/startup_stm32l476rgtx.o
                0x080005dc                RTC_Alarm_IRQHandler
                0x080005dc                EXTI2_IRQHandler
                0x080005dc                TIM8_TRG_COM_IRQHandler
                0x080005dc                TIM8_CC_IRQHandler
                0x080005dc                TIM1_CC_IRQHandler
                0x080005dc                TSC_IRQHandler
                0x080005dc                TAMP_STAMP_IRQHandler
                0x080005dc                EXTI3_IRQHandler
                0x080005dc                LPTIM2_IRQHandler
                0x080005dc                DFSDM1_FLT1_IRQHandler
                0x080005dc                I2C3_ER_IRQHandler
                0x080005dc                DFSDM1_FLT2_IRQHandler
                0x080005dc                EXTI0_IRQHandler
                0x080005dc                I2C2_EV_IRQHandler
                0x080005dc                CAN1_RX0_IRQHandler
                0x080005dc                FPU_IRQHandler
                0x080005dc                TIM1_UP_TIM16_IRQHandler
                0x080005dc                ADC1_2_IRQHandler
                0x080005dc                SPI1_IRQHandler
                0x080005dc                TIM6_DAC_IRQHandler
                0x080005dc                TIM8_UP_IRQHandler
                0x080005dc                DMA2_Channel2_IRQHandler
                0x080005dc                DMA1_Channel4_IRQHandler
                0x080005dc                SAI2_IRQHandler
                0x080005dc                DFSDM1_FLT3_IRQHandler
                0x080005dc                USART3_IRQHandler
                0x080005dc                DMA1_Channel7_IRQHandler
                0x080005dc                CAN1_RX1_IRQHandler
                0x080005dc                LCD_IRQHandler
                0x080005dc                UART5_IRQHandler
                0x080005dc                ADC3_IRQHandler
                0x080005dc                TIM4_IRQHandler
                0x080005dc                DMA2_Channel1_IRQHandler
                0x080005dc                QUADSPI_IRQHandler
                0x080005dc                I2C1_EV_IRQHandler
                0x080005dc                DMA1_Channel6_IRQHandler
                0x080005dc                UART4_IRQHandler
                0x080005dc                DMA2_Channel4_IRQHandler
                0x080005dc                TIM3_IRQHandler
                0x080005dc                RCC_IRQHandler
                0x080005dc                DMA1_Channel1_IRQHandler
                0x080005dc                Default_Handler
                0x080005dc                DMA2_Channel7_IRQHandler
                0x080005dc                EXTI15_10_IRQHandler
                0x080005dc                TIM7_IRQHandler
                0x080005dc                SDMMC1_IRQHandler
                0x080005dc                TIM5_IRQHandler
                0x080005dc                I2C3_EV_IRQHandler
                0x080005dc                EXTI9_5_IRQHandler
                0x080005dc                RTC_WKUP_IRQHandler
                0x080005dc                PVD_PVM_IRQHandler
                0x080005dc                SPI2_IRQHandler
                0x080005dc                CAN1_TX_IRQHandler
                0x080005dc                DMA2_Channel5_IRQHandler
                0x080005dc                DMA1_Channel5_IRQHandler
                0x080005dc                EXTI4_IRQHandler
                0x080005dc                RNG_IRQHandler
                0x080005dc                TIM1_TRG_COM_TIM17_IRQHandler
                0x080005dc                DMA1_Channel3_IRQHandler
                0x080005dc                COMP_IRQHandler
                0x080005dc                WWDG_IRQHandler
                0x080005dc                LPUART1_IRQHandler
                0x080005dc                DMA2_Channel6_IRQHandler
                0x080005dc                TIM2_IRQHandler
                0x080005dc                EXTI1_IRQHandler
                0x080005dc                USART2_IRQHandler
                0x080005dc                DFSDM1_FLT0_IRQHandler
                0x080005dc                I2C2_ER_IRQHandler
                0x080005dc                DMA1_Channel2_IRQHandler
                0x080005dc                TIM8_BRK_IRQHandler
                0x080005dc                CAN1_SCE_IRQHandler
                0x080005dc                FLASH_IRQHandler
                0x080005dc                USART1_IRQHandler
                0x080005dc                OTG_FS_IRQHandler
                0x080005dc                SPI3_IRQHandler
                0x080005dc                I2C1_ER_IRQHandler
                0x080005dc                FMC_IRQHandler
                0x080005dc                SWPMI1_IRQHandler
                0x080005dc                LPTIM1_IRQHandler
                0x080005dc                SAI1_IRQHandler
                0x080005dc                DMA2_Channel3_IRQHandler
                0x080005dc                TIM1_BRK_TIM15_IRQHandler
 .text.HAL_Init
                0x080005de       0x30 ./Drivers/STM32L4xx_HAL_Driver/Src/stm32l4xx_hal.o
                0x080005de                HAL_Init
 *fill*         0x0800060e        0x2 
 .text.HAL_InitTick
                0x08000610       0x78 ./Drivers/STM32L4xx_HAL_Driver/Src/stm32l4xx_hal.o
                0x08000610                HAL_InitTick
 .text.HAL_IncTick
                0x08000688       0x28 ./Drivers/STM32L4xx_HAL_Driver/Src/stm32l4xx_hal.o
                0x08000688                HAL_IncTick
 .text.HAL_GetTick
                0x080006b0       0x18 ./Drivers/STM32L4xx_HAL_Driver/Src/stm32l4xx_hal.o
                0x080006b0                HAL_GetTick
 .text.HAL_Delay
                0x080006c8       0x48 ./Drivers/STM32L4xx_HAL_Driver/Src/stm32l4xx_hal.o
                0x080006c8                HAL_Delay
 .text.__NVIC_SetPriorityGrouping
                0x08000710       0x48 ./Drivers/STM32L4xx_HAL_Driver/Src/stm32l4xx_hal_cortex.o
 .text.__NVIC_GetPriorityGrouping
                0x08000758       0x1c ./Drivers/STM32L4xx_HAL_Driver/Src/stm32l4xx_hal_cortex.o
 .text.__NVIC_SetPriority
                0x08000774       0x54 ./Drivers/STM32L4xx_HAL_Driver/Src/stm32l4xx_hal_cortex.o
 .text.NVIC_EncodePriority
                0x080007c8       0x66 ./Drivers/STM32L4xx_HAL_Driver/Src/stm32l4xx_hal_cortex.o
 *fill*         0x0800082e        0x2 
 .text.SysTick_Config
                0x08000830       0x44 ./Drivers/STM32L4xx_HAL_Driver/Src/stm32l4xx_hal_cortex.o
 .text.HAL_NVIC_SetPriorityGrouping
                0x08000874       0x16 ./Drivers/STM32L4xx_HAL_Driver/Src/stm32l4xx_hal_cortex.o
                0x08000874                HAL_NVIC_SetPriorityGrouping
 .text.HAL_NVIC_SetPriority
                0x0800088a       0x38 ./Drivers/STM32L4xx_HAL_Driver/Src/stm32l4xx_hal_cortex.o
                0x0800088a                HAL_NVIC_SetPriority
 .text.HAL_SYSTICK_Config
                0x080008c2       0x18 ./Drivers/STM32L4xx_HAL_Driver/Src/stm32l4xx_hal_cortex.o
                0x080008c2                HAL_SYSTICK_Config
 *fill*         0x080008da        0x2 
 .text.HAL_GPIO_Init
                0x080008dc      0x354 ./Drivers/STM32L4xx_HAL_Driver/Src/stm32l4xx_hal_gpio.o
                0x080008dc                HAL_GPIO_Init
 .text.HAL_GPIO_WritePin
                0x08000c30       0x30 ./Drivers/STM32L4xx_HAL_Driver/Src/stm32l4xx_hal_gpio.o
                0x08000c30                HAL_GPIO_WritePin
 .text.HAL_GPIO_TogglePin
                0x08000c60       0x34 ./Drivers/STM32L4xx_HAL_Driver/Src/stm32l4xx_hal_gpio.o
                0x08000c60                HAL_GPIO_TogglePin
 .text.HAL_I2C_Init
                0x08000c94      0x136 ./Drivers/STM32L4xx_HAL_Driver/Src/stm32l4xx_hal_i2c.o
                0x08000c94                HAL_I2C_Init
 .text.HAL_I2CEx_ConfigAnalogFilter
                0x08000dca       0x96 ./Drivers/STM32L4xx_HAL_Driver/Src/stm32l4xx_hal_i2c_ex.o
                0x08000dca                HAL_I2CEx_ConfigAnalogFilter
 .text.HAL_I2CEx_ConfigDigitalFilter
                0x08000e60       0x98 ./Drivers/STM32L4xx_HAL_Driver/Src/stm32l4xx_hal_i2c_ex.o
                0x08000e60                HAL_I2CEx_ConfigDigitalFilter
 .text.HAL_PWREx_GetVoltageRange
                0x08000ef8       0x1c ./Drivers/STM32L4xx_HAL_Driver/Src/stm32l4xx_hal_pwr_ex.o
                0x08000ef8                HAL_PWREx_GetVoltageRange
 .text.HAL_PWREx_ControlVoltageScaling
                0x08000f14       0xac ./Drivers/STM32L4xx_HAL_Driver/Src/stm32l4xx_hal_pwr_ex.o
                0x08000f14                HAL_PWREx_ControlVoltageScaling
 .text.HAL_RCC_OscConfig
                0x08000fc0      0x7b8 ./Drivers/STM32L4xx_HAL_Driver/Src/stm32l4xx_hal_rcc.o
                0x08000fc0                HAL_RCC_OscConfig
 .text.HAL_RCC_ClockConfig
                0x08001778      0x200 ./Drivers/STM32L4xx_HAL_Driver/Src/stm32l4xx_hal_rcc.o
                0x08001778                HAL_RCC_ClockConfig
 .text.HAL_RCC_GetSysClockFreq
                0x08001978      0x118 ./Drivers/STM32L4xx_HAL_Driver/Src/stm32l4xx_hal_rcc.o
                0x08001978                HAL_RCC_GetSysClockFreq
 .text.RCC_SetFlashLatencyFromMSIRange
                0x08001a90       0xc0 ./Drivers/STM32L4xx_HAL_Driver/Src/stm32l4xx_hal_rcc.o
 .text.HAL_RCCEx_PeriphCLKConfig
                0x08001b50      0x5d4 ./Drivers/STM32L4xx_HAL_Driver/Src/stm32l4xx_hal_rcc_ex.o
                0x08001b50                HAL_RCCEx_PeriphCLKConfig
 .text.RCCEx_PLLSAI1_Config
                0x08002124      0x1e8 ./Drivers/STM32L4xx_HAL_Driver/Src/stm32l4xx_hal_rcc_ex.o
 .text.RCCEx_PLLSAI2_Config
                0x0800230c      0x1bc ./Drivers/STM32L4xx_HAL_Driver/Src/stm32l4xx_hal_rcc_ex.o
 .text.bme280_init
                0x080024c8       0x9c ./Libraries/stm32-bme280-master/bme280.o
                0x080024c8                bme280_init
 .text.bme280_get_calib_param
                0x08002564      0x1ec ./Libraries/stm32-bme280-master/bme280.o
                0x08002564                bme280_get_calib_param
 .text.bme280_set_oversamp_temperature
                0x08002750      0x17c ./Libraries/stm32-bme280-master/bme280.o
                0x08002750                bme280_set_oversamp_temperature
 .text.bme280_set_oversamp_pressure
                0x080028cc      0x16c ./Libraries/stm32-bme280-master/bme280.o
                0x080028cc                bme280_set_oversamp_pressure
 .text.bme280_set_oversamp_humidity
                0x08002a38      0x1b4 ./Libraries/stm32-bme280-master/bme280.o
                0x08002a38                bme280_set_oversamp_humidity
 .text.bme280_get_power_mode
                0x08002bec       0x58 ./Libraries/stm32-bme280-master/bme280.o
                0x08002bec                bme280_get_power_mode
 .text.bme280_set_power_mode
                0x08002c44      0x180 ./Libraries/stm32-bme280-master/bme280.o
                0x08002c44                bme280_set_power_mode
 .text.bme280_set_soft_rst
                0x08002dc4       0x48 ./Libraries/stm32-bme280-master/bme280.o
                0x08002dc4                bme280_set_soft_rst
 .text.bme280_set_filter
                0x08002e0c      0x180 ./Libraries/stm32-bme280-master/bme280.o
                0x08002e0c                bme280_set_filter
 .text.bme280_write_register
                0x08002f8c       0x4c ./Libraries/stm32-bme280-master/bme280.o
                0x08002f8c                bme280_write_register
 .text.bme280_read_register
                0x08002fd8       0x4c ./Libraries/stm32-bme280-master/bme280.o
                0x08002fd8                bme280_read_register
 .text.memset   0x08003024       0x10 D:/ST/STM32CubeIDE_1.15.1/STM32CubeIDE/plugins/com.st.stm32cube.ide.mcu.externaltools.gnu-tools-for-stm32.12.3.rel1.win32_1.0.100.202403111256/tools/bin/../lib/gcc/arm-none-eabi/12.3.1/../../../../arm-none-eabi/lib/thumb/v7e-m+fp/hard\libc_nano.a(libc_a-memset.o)
                0x08003024                memset
 .text.__libc_init_array
                0x08003034       0x48 D:/ST/STM32CubeIDE_1.15.1/STM32CubeIDE/plugins/com.st.stm32cube.ide.mcu.externaltools.gnu-tools-for-stm32.12.3.rel1.win32_1.0.100.202403111256/tools/bin/../lib/gcc/arm-none-eabi/12.3.1/../../../../arm-none-eabi/lib/thumb/v7e-m+fp/hard\libc_nano.a(libc_a-init.o)
                0x08003034                __libc_init_array
 *(.glue_7)
 .glue_7        0x0800307c        0x0 linker stubs
 *(.glue_7t)
 .glue_7t       0x0800307c        0x0 linker stubs
 *(.eh_frame)
 .eh_frame      0x0800307c        0x0 D:/ST/STM32CubeIDE_1.15.1/STM32CubeIDE/plugins/com.st.stm32cube.ide.mcu.externaltools.gnu-tools-for-stm32.12.3.rel1.win32_1.0.100.202403111256/tools/bin/../lib/gcc/arm-none-eabi/12.3.1/thumb/v7e-m+fp/hard/crtbegin.o
 *(.init)
 .init          0x0800307c        0x4 D:/ST/STM32CubeIDE_1.15.1/STM32CubeIDE/plugins/com.st.stm32cube.ide.mcu.externaltools.gnu-tools-for-stm32.12.3.rel1.win32_1.0.100.202403111256/tools/bin/../lib/gcc/arm-none-eabi/12.3.1/thumb/v7e-m+fp/hard/crti.o
                0x0800307c                _init
 .init          0x08003080        0x8 D:/ST/STM32CubeIDE_1.15.1/STM32CubeIDE/plugins/com.st.stm32cube.ide.mcu.externaltools.gnu-tools-for-stm32.12.3.rel1.win32_1.0.100.202403111256/tools/bin/../lib/gcc/arm-none-eabi/12.3.1/thumb/v7e-m+fp/hard/crtn.o
 *(.fini)
 .fini          0x08003088        0x4 D:/ST/STM32CubeIDE_1.15.1/STM32CubeIDE/plugins/com.st.stm32cube.ide.mcu.externaltools.gnu-tools-for-stm32.12.3.rel1.win32_1.0.100.202403111256/tools/bin/../lib/gcc/arm-none-eabi/12.3.1/thumb/v7e-m+fp/hard/crti.o
                0x08003088                _fini
 .fini          0x0800308c        0x8 D:/ST/STM32CubeIDE_1.15.1/STM32CubeIDE/plugins/com.st.stm32cube.ide.mcu.externaltools.gnu-tools-for-stm32.12.3.rel1.win32_1.0.100.202403111256/tools/bin/../lib/gcc/arm-none-eabi/12.3.1/thumb/v7e-m+fp/hard/crtn.o
                0x08003094                        . = ALIGN (0x4)
                0x08003094                        _etext = .

.vfp11_veneer   0x08003094        0x0
 .vfp11_veneer  0x08003094        0x0 linker stubs

.v4_bx          0x08003094        0x0
 .v4_bx         0x08003094        0x0 linker stubs

.iplt           0x08003094        0x0
 .iplt          0x08003094        0x0 D:/ST/STM32CubeIDE_1.15.1/STM32CubeIDE/plugins/com.st.stm32cube.ide.mcu.externaltools.gnu-tools-for-stm32.12.3.rel1.win32_1.0.100.202403111256/tools/bin/../lib/gcc/arm-none-eabi/12.3.1/thumb/v7e-m+fp/hard/crtbegin.o

.rodata         0x08003094       0x68
                0x08003094                        . = ALIGN (0x4)
 *(.rodata)
 .rodata        0x08003094       0x26 ./Libraries/stm32-bme280-master/bme280.o
 *(.rodata*)
 *fill*         0x080030ba        0x2 
 .rodata.AHBPrescTable
                0x080030bc       0x10 ./Core/Src/system_stm32l4xx.o
                0x080030bc                AHBPrescTable
 .rodata.MSIRangeTable
                0x080030cc       0x30 ./Core/Src/system_stm32l4xx.o
                0x080030cc                MSIRangeTable
                0x080030fc                        . = ALIGN (0x4)

.ARM.extab      0x080030fc        0x0
                0x080030fc                        . = ALIGN (0x4)
 *(.ARM.extab* .gnu.linkonce.armextab.*)
                0x080030fc                        . = ALIGN (0x4)

.ARM            0x080030fc        0x0
                0x080030fc                        . = ALIGN (0x4)
                0x080030fc                        __exidx_start = .
 *(.ARM.exidx*)
                0x080030fc                        __exidx_end = .
                0x080030fc                        . = ALIGN (0x4)

.preinit_array  0x080030fc        0x0
                0x080030fc                        . = ALIGN (0x4)
                0x080030fc                        PROVIDE (__preinit_array_start = .)
 *(.preinit_array*)
                0x080030fc                        PROVIDE (__preinit_array_end = .)
                0x080030fc                        . = ALIGN (0x4)

.init_array     0x080030fc        0x4
                0x080030fc                        . = ALIGN (0x4)
                0x080030fc                        PROVIDE (__init_array_start = .)
 *(SORT_BY_NAME(.init_array.*))
 *(.init_array*)
 .init_array    0x080030fc        0x4 D:/ST/STM32CubeIDE_1.15.1/STM32CubeIDE/plugins/com.st.stm32cube.ide.mcu.externaltools.gnu-tools-for-stm32.12.3.rel1.win32_1.0.100.202403111256/tools/bin/../lib/gcc/arm-none-eabi/12.3.1/thumb/v7e-m+fp/hard/crtbegin.o
                0x08003100                        PROVIDE (__init_array_end = .)
                0x08003100                        . = ALIGN (0x4)

.fini_array     0x08003100        0x4
                0x08003100                        . = ALIGN (0x4)
                [!provide]                        PROVIDE (__fini_array_start = .)
 *(SORT_BY_NAME(.fini_array.*))
 *(.fini_array*)
 .fini_array    0x08003100        0x4 D:/ST/STM32CubeIDE_1.15.1/STM32CubeIDE/plugins/com.st.stm32cube.ide.mcu.externaltools.gnu-tools-for-stm32.12.3.rel1.win32_1.0.100.202403111256/tools/bin/../lib/gcc/arm-none-eabi/12.3.1/thumb/v7e-m+fp/hard/crtbegin.o
                [!provide]                        PROVIDE (__fini_array_end = .)
                0x08003104                        . = ALIGN (0x4)
                0x08003104                        _sidata = LOADADDR (.data)

.rel.dyn        0x08003104        0x0
 .rel.iplt      0x08003104        0x0 D:/ST/STM32CubeIDE_1.15.1/STM32CubeIDE/plugins/com.st.stm32cube.ide.mcu.externaltools.gnu-tools-for-stm32.12.3.rel1.win32_1.0.100.202403111256/tools/bin/../lib/gcc/arm-none-eabi/12.3.1/thumb/v7e-m+fp/hard/crtbegin.o

.data           0x20000000        0xc load address 0x08003104
                0x20000000                        . = ALIGN (0x4)
                0x20000000                        _sdata = .
 *(.data)
 *(.data*)
 .data.SystemCoreClock
                0x20000000        0x4 ./Core/Src/system_stm32l4xx.o
                0x20000000                SystemCoreClock
 .data.uwTickPrio
                0x20000004        0x4 ./Drivers/STM32L4xx_HAL_Driver/Src/stm32l4xx_hal.o
                0x20000004                uwTickPrio
 .data.uwTickFreq
                0x20000008        0x1 ./Drivers/STM32L4xx_HAL_Driver/Src/stm32l4xx_hal.o
                0x20000008                uwTickFreq
 *(.RamFunc)
 *(.RamFunc*)
                0x2000000c                        . = ALIGN (0x4)
 *fill*         0x20000009        0x3 
                0x2000000c                        _edata = .

.igot.plt       0x2000000c        0x0 load address 0x08003110
 .igot.plt      0x2000000c        0x0 D:/ST/STM32CubeIDE_1.15.1/STM32CubeIDE/plugins/com.st.stm32cube.ide.mcu.externaltools.gnu-tools-for-stm32.12.3.rel1.win32_1.0.100.202403111256/tools/bin/../lib/gcc/arm-none-eabi/12.3.1/thumb/v7e-m+fp/hard/crtbegin.o
                0x2000000c                        . = ALIGN (0x4)

.bss            0x2000000c       0xb4 load address 0x08003110
                0x2000000c                        _sbss = .
                0x2000000c                        __bss_start__ = _sbss
 *(.bss)
 .bss           0x2000000c       0x1c D:/ST/STM32CubeIDE_1.15.1/STM32CubeIDE/plugins/com.st.stm32cube.ide.mcu.externaltools.gnu-tools-for-stm32.12.3.rel1.win32_1.0.100.202403111256/tools/bin/../lib/gcc/arm-none-eabi/12.3.1/thumb/v7e-m+fp/hard/crtbegin.o
 *(.bss*)
 .bss.hi2c1     0x20000028       0x54 ./Core/Src/main.o
                0x20000028                hi2c1
 .bss.bme280    0x2000007c       0x3c ./Core/Src/main.o
                0x2000007c                bme280
 .bss.uwTick    0x200000b8        0x4 ./Drivers/STM32L4xx_HAL_Driver/Src/stm32l4xx_hal.o
                0x200000b8                uwTick
 .bss.p_bme280  0x200000bc        0x4 ./Libraries/stm32-bme280-master/bme280.o
 *(COMMON)
                0x200000c0                        . = ALIGN (0x4)
                0x200000c0                        _ebss = .
                0x200000c0                        __bss_end__ = _ebss

._user_heap_stack
                0x200000c0      0x600 load address 0x08003110
                0x200000c0                        . = ALIGN (0x8)
                [!provide]                        PROVIDE (end = .)
                0x200000c0                        PROVIDE (_end = .)
                0x200002c0                        . = (. + _Min_Heap_Size)
 *fill*         0x200000c0      0x200 
                0x200006c0                        . = (. + _Min_Stack_Size)
 *fill*         0x200002c0      0x400 
                0x200006c0                        . = ALIGN (0x8)

/DISCARD/
 libc.a(*)
 libm.a(*)
 libgcc.a(*)

.ARM.attributes
                0x00000000       0x30
 *(.ARM.attributes)
 .ARM.attributes
                0x00000000       0x22 D:/ST/STM32CubeIDE_1.15.1/STM32CubeIDE/plugins/com.st.stm32cube.ide.mcu.externaltools.gnu-tools-for-stm32.12.3.rel1.win32_1.0.100.202403111256/tools/bin/../lib/gcc/arm-none-eabi/12.3.1/thumb/v7e-m+fp/hard/crti.o
 .ARM.attributes
                0x00000022       0x34 D:/ST/STM32CubeIDE_1.15.1/STM32CubeIDE/plugins/com.st.stm32cube.ide.mcu.externaltools.gnu-tools-for-stm32.12.3.rel1.win32_1.0.100.202403111256/tools/bin/../lib/gcc/arm-none-eabi/12.3.1/thumb/v7e-m+fp/hard/crtbegin.o
 .ARM.attributes
                0x00000056       0x34 ./Core/Src/main.o
 .ARM.attributes
                0x0000008a       0x34 ./Core/Src/stm32l4xx_hal_msp.o
 .ARM.attributes
                0x000000be       0x34 ./Core/Src/stm32l4xx_it.o
 .ARM.attributes
                0x000000f2       0x34 ./Core/Src/system_stm32l4xx.o
 .ARM.attributes
                0x00000126       0x21 ./Core/Startup/startup_stm32l476rgtx.o
 .ARM.attributes
                0x00000147       0x34 ./Drivers/STM32L4xx_HAL_Driver/Src/stm32l4xx_hal.o
 .ARM.attributes
                0x0000017b       0x34 ./Drivers/STM32L4xx_HAL_Driver/Src/stm32l4xx_hal_cortex.o
 .ARM.attributes
                0x000001af       0x34 ./Drivers/STM32L4xx_HAL_Driver/Src/stm32l4xx_hal_gpio.o
 .ARM.attributes
                0x000001e3       0x34 ./Drivers/STM32L4xx_HAL_Driver/Src/stm32l4xx_hal_i2c.o
 .ARM.attributes
                0x00000217       0x34 ./Drivers/STM32L4xx_HAL_Driver/Src/stm32l4xx_hal_i2c_ex.o
 .ARM.attributes
                0x0000024b       0x34 ./Drivers/STM32L4xx_HAL_Driver/Src/stm32l4xx_hal_pwr_ex.o
 .ARM.attributes
                0x0000027f       0x34 ./Drivers/STM32L4xx_HAL_Driver/Src/stm32l4xx_hal_rcc.o
 .ARM.attributes
                0x000002b3       0x34 ./Drivers/STM32L4xx_HAL_Driver/Src/stm32l4xx_hal_rcc_ex.o
 .ARM.attributes
                0x000002e7       0x34 ./Libraries/stm32-bme280-master/bme280.o
 .ARM.attributes
                0x0000031b       0x34 D:/ST/STM32CubeIDE_1.15.1/STM32CubeIDE/plugins/com.st.stm32cube.ide.mcu.externaltools.gnu-tools-for-stm32.12.3.rel1.win32_1.0.100.202403111256/tools/bin/../lib/gcc/arm-none-eabi/12.3.1/../../../../arm-none-eabi/lib/thumb/v7e-m+fp/hard\libc_nano.a(libc_a-memset.o)
 .ARM.attributes
                0x0000034f       0x34 D:/ST/STM32CubeIDE_1.15.1/STM32CubeIDE/plugins/com.st.stm32cube.ide.mcu.externaltools.gnu-tools-for-stm32.12.3.rel1.win32_1.0.100.202403111256/tools/bin/../lib/gcc/arm-none-eabi/12.3.1/../../../../arm-none-eabi/lib/thumb/v7e-m+fp/hard\libc_nano.a(libc_a-init.o)
 .ARM.attributes
                0x00000383       0x22 D:/ST/STM32CubeIDE_1.15.1/STM32CubeIDE/plugins/com.st.stm32cube.ide.mcu.externaltools.gnu-tools-for-stm32.12.3.rel1.win32_1.0.100.202403111256/tools/bin/../lib/gcc/arm-none-eabi/12.3.1/thumb/v7e-m+fp/hard/crtn.o
OUTPUT(31_05_2024.elf elf32-littlearm)
LOAD linker stubs
LOAD D:/ST/STM32CubeIDE_1.15.1/STM32CubeIDE/plugins/com.st.stm32cube.ide.mcu.externaltools.gnu-tools-for-stm32.12.3.rel1.win32_1.0.100.202403111256/tools/bin/../lib/gcc/arm-none-eabi/12.3.1/../../../../arm-none-eabi/lib/thumb/v7e-m+fp/hard\libc.a
LOAD D:/ST/STM32CubeIDE_1.15.1/STM32CubeIDE/plugins/com.st.stm32cube.ide.mcu.externaltools.gnu-tools-for-stm32.12.3.rel1.win32_1.0.100.202403111256/tools/bin/../lib/gcc/arm-none-eabi/12.3.1/../../../../arm-none-eabi/lib/thumb/v7e-m+fp/hard\libm.a
LOAD D:/ST/STM32CubeIDE_1.15.1/STM32CubeIDE/plugins/com.st.stm32cube.ide.mcu.externaltools.gnu-tools-for-stm32.12.3.rel1.win32_1.0.100.202403111256/tools/bin/../lib/gcc/arm-none-eabi/12.3.1/thumb/v7e-m+fp/hard\libgcc.a

.debug_info     0x00000000     0xa149
 .debug_info    0x00000000     0x1089 ./Core/Src/main.o
 .debug_info    0x00001089      0xc90 ./Core/Src/stm32l4xx_hal_msp.o
 .debug_info    0x00001d19      0x113 ./Core/Src/stm32l4xx_it.o
 .debug_info    0x00001e2c      0x5b1 ./Core/Src/system_stm32l4xx.o
 .debug_info    0x000023dd       0x30 ./Core/Startup/startup_stm32l476rgtx.o
 .debug_info    0x0000240d      0xaeb ./Drivers/STM32L4xx_HAL_Driver/Src/stm32l4xx_hal.o
 .debug_info    0x00002ef8      0xd4c ./Drivers/STM32L4xx_HAL_Driver/Src/stm32l4xx_hal_cortex.o
 .debug_info    0x00003c44      0x757 ./Drivers/STM32L4xx_HAL_Driver/Src/stm32l4xx_hal_gpio.o
 .debug_info    0x0000439b     0x2093 ./Drivers/STM32L4xx_HAL_Driver/Src/stm32l4xx_hal_i2c.o
 .debug_info    0x0000642e      0x981 ./Drivers/STM32L4xx_HAL_Driver/Src/stm32l4xx_hal_i2c_ex.o
 .debug_info    0x00006daf      0x99e ./Drivers/STM32L4xx_HAL_Driver/Src/stm32l4xx_hal_pwr_ex.o
 .debug_info    0x0000774d      0xc14 ./Drivers/STM32L4xx_HAL_Driver/Src/stm32l4xx_hal_rcc.o
 .debug_info    0x00008361      0xe11 ./Drivers/STM32L4xx_HAL_Driver/Src/stm32l4xx_hal_rcc_ex.o
 .debug_info    0x00009172      0xfd7 ./Libraries/stm32-bme280-master/bme280.o

.debug_abbrev   0x00000000     0x1a71
 .debug_abbrev  0x00000000      0x2a7 ./Core/Src/main.o
 .debug_abbrev  0x000002a7      0x1d6 ./Core/Src/stm32l4xx_hal_msp.o
 .debug_abbrev  0x0000047d       0x73 ./Core/Src/stm32l4xx_it.o
 .debug_abbrev  0x000004f0      0x11a ./Core/Src/system_stm32l4xx.o
 .debug_abbrev  0x0000060a       0x24 ./Core/Startup/startup_stm32l476rgtx.o
 .debug_abbrev  0x0000062e      0x242 ./Drivers/STM32L4xx_HAL_Driver/Src/stm32l4xx_hal.o
 .debug_abbrev  0x00000870      0x327 ./Drivers/STM32L4xx_HAL_Driver/Src/stm32l4xx_hal_cortex.o
 .debug_abbrev  0x00000b97      0x1cb ./Drivers/STM32L4xx_HAL_Driver/Src/stm32l4xx_hal_gpio.o
 .debug_abbrev  0x00000d62      0x261 ./Drivers/STM32L4xx_HAL_Driver/Src/stm32l4xx_hal_i2c.o
 .debug_abbrev  0x00000fc3      0x1c3 ./Drivers/STM32L4xx_HAL_Driver/Src/stm32l4xx_hal_i2c_ex.o
 .debug_abbrev  0x00001186      0x1f9 ./Drivers/STM32L4xx_HAL_Driver/Src/stm32l4xx_hal_pwr_ex.o
 .debug_abbrev  0x0000137f      0x2cb ./Drivers/STM32L4xx_HAL_Driver/Src/stm32l4xx_hal_rcc.o
 .debug_abbrev  0x0000164a      0x2a6 ./Drivers/STM32L4xx_HAL_Driver/Src/stm32l4xx_hal_rcc_ex.o
 .debug_abbrev  0x000018f0      0x181 ./Libraries/stm32-bme280-master/bme280.o

.debug_aranges  0x00000000      0xa98
 .debug_aranges
                0x00000000       0x48 ./Core/Src/main.o
 .debug_aranges
                0x00000048       0x30 ./Core/Src/stm32l4xx_hal_msp.o
 .debug_aranges
                0x00000078       0x60 ./Core/Src/stm32l4xx_it.o
 .debug_aranges
                0x000000d8       0x28 ./Core/Src/system_stm32l4xx.o
 .debug_aranges
                0x00000100       0x28 ./Core/Startup/startup_stm32l476rgtx.o
 .debug_aranges
                0x00000128      0x130 ./Drivers/STM32L4xx_HAL_Driver/Src/stm32l4xx_hal.o
 .debug_aranges
                0x00000258      0x118 ./Drivers/STM32L4xx_HAL_Driver/Src/stm32l4xx_hal_cortex.o
 .debug_aranges
                0x00000370       0x58 ./Drivers/STM32L4xx_HAL_Driver/Src/stm32l4xx_hal_gpio.o
 .debug_aranges
                0x000003c8      0x2a0 ./Drivers/STM32L4xx_HAL_Driver/Src/stm32l4xx_hal_i2c.o
 .debug_aranges
                0x00000668       0x48 ./Drivers/STM32L4xx_HAL_Driver/Src/stm32l4xx_hal_i2c_ex.o
 .debug_aranges
                0x000006b0      0x160 ./Drivers/STM32L4xx_HAL_Driver/Src/stm32l4xx_hal_pwr_ex.o
 .debug_aranges
                0x00000810       0x90 ./Drivers/STM32L4xx_HAL_Driver/Src/stm32l4xx_hal_rcc.o
 .debug_aranges
                0x000008a0       0xc0 ./Drivers/STM32L4xx_HAL_Driver/Src/stm32l4xx_hal_rcc_ex.o
 .debug_aranges
                0x00000960      0x138 ./Libraries/stm32-bme280-master/bme280.o

.debug_rnglists
                0x00000000      0x815
 .debug_rnglists
                0x00000000       0x33 ./Core/Src/main.o
 .debug_rnglists
                0x00000033       0x20 ./Core/Src/stm32l4xx_hal_msp.o
 .debug_rnglists
                0x00000053       0x43 ./Core/Src/stm32l4xx_it.o
 .debug_rnglists
                0x00000096       0x1a ./Core/Src/system_stm32l4xx.o
 .debug_rnglists
                0x000000b0       0x19 ./Core/Startup/startup_stm32l476rgtx.o
 .debug_rnglists
                0x000000c9       0xdf ./Drivers/STM32L4xx_HAL_Driver/Src/stm32l4xx_hal.o
 .debug_rnglists
                0x000001a8       0xce ./Drivers/STM32L4xx_HAL_Driver/Src/stm32l4xx_hal_cortex.o
 .debug_rnglists
                0x00000276       0x3f ./Drivers/STM32L4xx_HAL_Driver/Src/stm32l4xx_hal_gpio.o
 .debug_rnglists
                0x000002b5      0x228 ./Drivers/STM32L4xx_HAL_Driver/Src/stm32l4xx_hal_i2c.o
 .debug_rnglists
                0x000004dd       0x35 ./Drivers/STM32L4xx_HAL_Driver/Src/stm32l4xx_hal_i2c_ex.o
 .debug_rnglists
                0x00000512      0x109 ./Drivers/STM32L4xx_HAL_Driver/Src/stm32l4xx_hal_pwr_ex.o
 .debug_rnglists
                0x0000061b       0x6d ./Drivers/STM32L4xx_HAL_Driver/Src/stm32l4xx_hal_rcc.o
 .debug_rnglists
                0x00000688       0x95 ./Drivers/STM32L4xx_HAL_Driver/Src/stm32l4xx_hal_rcc_ex.o
 .debug_rnglists
                0x0000071d       0xf8 ./Libraries/stm32-bme280-master/bme280.o

.debug_macro    0x00000000    0x263a1
 .debug_macro   0x00000000      0x2d1 ./Core/Src/main.o
 .debug_macro   0x000002d1      0xab4 ./Core/Src/main.o
 .debug_macro   0x00000d85      0x1a1 ./Core/Src/main.o
 .debug_macro   0x00000f26       0x2e ./Core/Src/main.o
 .debug_macro   0x00000f54       0x28 ./Core/Src/main.o
 .debug_macro   0x00000f7c       0x22 ./Core/Src/main.o
 .debug_macro   0x00000f9e       0x8e ./Core/Src/main.o
 .debug_macro   0x0000102c       0x51 ./Core/Src/main.o
 .debug_macro   0x0000107d      0x103 ./Core/Src/main.o
 .debug_macro   0x00001180       0x6a ./Core/Src/main.o
 .debug_macro   0x000011ea      0x1df ./Core/Src/main.o
 .debug_macro   0x000013c9       0x1c ./Core/Src/main.o
 .debug_macro   0x000013e5       0x22 ./Core/Src/main.o
 .debug_macro   0x00001407       0xfb ./Core/Src/main.o
 .debug_macro   0x00001502     0x1011 ./Core/Src/main.o
 .debug_macro   0x00002513      0x11f ./Core/Src/main.o
 .debug_macro   0x00002632    0x1a17a ./Core/Src/main.o
 .debug_macro   0x0001c7ac       0x6d ./Core/Src/main.o
 .debug_macro   0x0001c819     0x38e6 ./Core/Src/main.o
 .debug_macro   0x000200ff      0x189 ./Core/Src/main.o
 .debug_macro   0x00020288       0x5c ./Core/Src/main.o
 .debug_macro   0x000202e4     0x159e ./Core/Src/main.o
 .debug_macro   0x00021882      0x5a5 ./Core/Src/main.o
 .debug_macro   0x00021e27      0x1b9 ./Core/Src/main.o
 .debug_macro   0x00021fe0      0x18b ./Core/Src/main.o
 .debug_macro   0x0002216b      0x26b ./Core/Src/main.o
 .debug_macro   0x000223d6      0x23d ./Core/Src/main.o
 .debug_macro   0x00022613      0x241 ./Core/Src/main.o
 .debug_macro   0x00022854      0x37c ./Core/Src/main.o
 .debug_macro   0x00022bd0       0xd6 ./Core/Src/main.o
 .debug_macro   0x00022ca6      0x22c ./Core/Src/main.o
 .debug_macro   0x00022ed2       0x61 ./Core/Src/main.o
 .debug_macro   0x00022f33       0xa5 ./Core/Src/main.o
 .debug_macro   0x00022fd8      0x122 ./Core/Src/main.o
 .debug_macro   0x000230fa      0x3ef ./Core/Src/main.o
 .debug_macro   0x000234e9      0x330 ./Core/Src/main.o
 .debug_macro   0x00023819       0x10 ./Core/Src/main.o
 .debug_macro   0x00023829      0x684 ./Core/Src/main.o
 .debug_macro   0x00023ead       0x61 ./Core/Src/main.o
 .debug_macro   0x00023f0e       0x2a ./Core/Src/main.o
 .debug_macro   0x00023f38       0x43 ./Core/Src/main.o
 .debug_macro   0x00023f7b       0x34 ./Core/Src/main.o
 .debug_macro   0x00023faf       0x16 ./Core/Src/main.o
 .debug_macro   0x00023fc5       0x35 ./Core/Src/main.o
 .debug_macro   0x00023ffa      0x369 ./Core/Src/main.o
 .debug_macro   0x00024363       0x10 ./Core/Src/main.o
 .debug_macro   0x00024373       0x16 ./Core/Src/main.o
 .debug_macro   0x00024389       0x43 ./Core/Src/main.o
 .debug_macro   0x000243cc       0x34 ./Core/Src/main.o
 .debug_macro   0x00024400       0x10 ./Core/Src/main.o
 .debug_macro   0x00024410       0x58 ./Core/Src/main.o
 .debug_macro   0x00024468       0x8e ./Core/Src/main.o
 .debug_macro   0x000244f6       0x1c ./Core/Src/main.o
 .debug_macro   0x00024512      0x177 ./Core/Src/main.o
 .debug_macro   0x00024689       0x16 ./Core/Src/main.o
 .debug_macro   0x0002469f       0x16 ./Core/Src/main.o
 .debug_macro   0x000246b5      0x146 ./Core/Src/main.o
 .debug_macro   0x000247fb       0x16 ./Core/Src/main.o
 .debug_macro   0x00024811       0x20 ./Core/Src/main.o
 .debug_macro   0x00024831      0x1c0 ./Core/Src/stm32l4xx_hal_msp.o
 .debug_macro   0x000249f1      0x1ca ./Core/Src/stm32l4xx_it.o
 .debug_macro   0x00024bbb      0x1b1 ./Core/Src/system_stm32l4xx.o
 .debug_macro   0x00024d6c      0x1ff ./Drivers/STM32L4xx_HAL_Driver/Src/stm32l4xx_hal.o
 .debug_macro   0x00024f6b      0x1b1 ./Drivers/STM32L4xx_HAL_Driver/Src/stm32l4xx_hal_cortex.o
 .debug_macro   0x0002511c      0x1b8 ./Drivers/STM32L4xx_HAL_Driver/Src/stm32l4xx_hal_gpio.o
 .debug_macro   0x000252d4      0x27d ./Drivers/STM32L4xx_HAL_Driver/Src/stm32l4xx_hal_i2c.o
 .debug_macro   0x00025551      0x1b1 ./Drivers/STM32L4xx_HAL_Driver/Src/stm32l4xx_hal_i2c_ex.o
 .debug_macro   0x00025702      0x1d5 ./Drivers/STM32L4xx_HAL_Driver/Src/stm32l4xx_hal_pwr_ex.o
 .debug_macro   0x000258d7      0x1f3 ./Drivers/STM32L4xx_HAL_Driver/Src/stm32l4xx_hal_rcc.o
 .debug_macro   0x00025aca      0x1e7 ./Drivers/STM32L4xx_HAL_Driver/Src/stm32l4xx_hal_rcc_ex.o
 .debug_macro   0x00025cb1       0x72 ./Libraries/stm32-bme280-master/bme280.o
 .debug_macro   0x00025d23      0x67e ./Libraries/stm32-bme280-master/bme280.o

.debug_line     0x00000000     0xcf0c
 .debug_line    0x00000000      0xa4d ./Core/Src/main.o
 .debug_line    0x00000a4d      0x77e ./Core/Src/stm32l4xx_hal_msp.o
 .debug_line    0x000011cb      0x7df ./Core/Src/stm32l4xx_it.o
 .debug_line    0x000019aa      0x7b7 ./Core/Src/system_stm32l4xx.o
 .debug_line    0x00002161       0x7a ./Core/Startup/startup_stm32l476rgtx.o
 .debug_line    0x000021db      0xb12 ./Drivers/STM32L4xx_HAL_Driver/Src/stm32l4xx_hal.o
 .debug_line    0x00002ced      0xcb1 ./Drivers/STM32L4xx_HAL_Driver/Src/stm32l4xx_hal_cortex.o
 .debug_line    0x0000399e      0xb9e ./Drivers/STM32L4xx_HAL_Driver/Src/stm32l4xx_hal_gpio.o
 .debug_line    0x0000453c     0x398e ./Drivers/STM32L4xx_HAL_Driver/Src/stm32l4xx_hal_i2c.o
 .debug_line    0x00007eca      0x93a ./Drivers/STM32L4xx_HAL_Driver/Src/stm32l4xx_hal_i2c_ex.o
 .debug_line    0x00008804      0xd04 ./Drivers/STM32L4xx_HAL_Driver/Src/stm32l4xx_hal_pwr_ex.o
 .debug_line    0x00009508      0xf89 ./Drivers/STM32L4xx_HAL_Driver/Src/stm32l4xx_hal_rcc.o
 .debug_line    0x0000a491     0x14fd ./Drivers/STM32L4xx_HAL_Driver/Src/stm32l4xx_hal_rcc_ex.o
 .debug_line    0x0000b98e     0x157e ./Libraries/stm32-bme280-master/bme280.o

.debug_str      0x00000000    0xe7ba8
 .debug_str     0x00000000    0xe46e7 ./Core/Src/main.o
                              0xe4adc (size before relaxing)
 .debug_str     0x000e46e7      0x2d7 ./Core/Src/stm32l4xx_hal_msp.o
                              0xded28 (size before relaxing)
 .debug_str     0x000e49be       0xc9 ./Core/Src/stm32l4xx_it.o
                              0xde405 (size before relaxing)
 .debug_str     0x000e4a87       0xf2 ./Core/Src/system_stm32l4xx.o
                              0xde56c (size before relaxing)
 .debug_str     0x000e4b79       0x44 ./Core/Startup/startup_stm32l476rgtx.o
                                 0xa8 (size before relaxing)
 .debug_str     0x000e4bbd      0xa9e ./Drivers/STM32L4xx_HAL_Driver/Src/stm32l4xx_hal.o
                              0xdf0ff (size before relaxing)
 .debug_str     0x000e565b      0x33a ./Drivers/STM32L4xx_HAL_Driver/Src/stm32l4xx_hal_cortex.o
                              0xdedb3 (size before relaxing)
 .debug_str     0x000e5995      0x115 ./Drivers/STM32L4xx_HAL_Driver/Src/stm32l4xx_hal_gpio.o
                              0xde6e5 (size before relaxing)
 .debug_str     0x000e5aaa      0xdef ./Drivers/STM32L4xx_HAL_Driver/Src/stm32l4xx_hal_i2c.o
                              0xdf77b (size before relaxing)
 .debug_str     0x000e6899       0xb8 ./Drivers/STM32L4xx_HAL_Driver/Src/stm32l4xx_hal_i2c_ex.o
                              0xdeaa3 (size before relaxing)
 .debug_str     0x000e6951      0x4e3 ./Drivers/STM32L4xx_HAL_Driver/Src/stm32l4xx_hal_pwr_ex.o
                              0xdeac7 (size before relaxing)
 .debug_str     0x000e6e34      0x3a1 ./Drivers/STM32L4xx_HAL_Driver/Src/stm32l4xx_hal_rcc.o
                              0xdebb2 (size before relaxing)
 .debug_str     0x000e71d5      0x3bf ./Drivers/STM32L4xx_HAL_Driver/Src/stm32l4xx_hal_rcc_ex.o
                              0xded2b (size before relaxing)
 .debug_str     0x000e7594      0x614 ./Libraries/stm32-bme280-master/bme280.o
                               0x6a1c (size before relaxing)

.comment        0x00000000       0x43
 .comment       0x00000000       0x43 ./Core/Src/main.o
                                 0x44 (size before relaxing)
 .comment       0x00000043       0x44 ./Core/Src/stm32l4xx_hal_msp.o
 .comment       0x00000043       0x44 ./Core/Src/stm32l4xx_it.o
 .comment       0x00000043       0x44 ./Core/Src/system_stm32l4xx.o
 .comment       0x00000043       0x44 ./Drivers/STM32L4xx_HAL_Driver/Src/stm32l4xx_hal.o
 .comment       0x00000043       0x44 ./Drivers/STM32L4xx_HAL_Driver/Src/stm32l4xx_hal_cortex.o
 .comment       0x00000043       0x44 ./Drivers/STM32L4xx_HAL_Driver/Src/stm32l4xx_hal_gpio.o
 .comment       0x00000043       0x44 ./Drivers/STM32L4xx_HAL_Driver/Src/stm32l4xx_hal_i2c.o
 .comment       0x00000043       0x44 ./Drivers/STM32L4xx_HAL_Driver/Src/stm32l4xx_hal_i2c_ex.o
 .comment       0x00000043       0x44 ./Drivers/STM32L4xx_HAL_Driver/Src/stm32l4xx_hal_pwr_ex.o
 .comment       0x00000043       0x44 ./Drivers/STM32L4xx_HAL_Driver/Src/stm32l4xx_hal_rcc.o
 .comment       0x00000043       0x44 ./Drivers/STM32L4xx_HAL_Driver/Src/stm32l4xx_hal_rcc_ex.o
 .comment       0x00000043       0x44 ./Libraries/stm32-bme280-master/bme280.o

.debug_frame    0x00000000     0x2b08
 .debug_frame   0x00000000       0xd0 ./Core/Src/main.o
 .debug_frame   0x000000d0       0x84 ./Core/Src/stm32l4xx_hal_msp.o
 .debug_frame   0x00000154      0x104 ./Core/Src/stm32l4xx_it.o
 .debug_frame   0x00000258       0x58 ./Core/Src/system_stm32l4xx.o
 .debug_frame   0x000002b0      0x498 ./Drivers/STM32L4xx_HAL_Driver/Src/stm32l4xx_hal.o
 .debug_frame   0x00000748      0x498 ./Drivers/STM32L4xx_HAL_Driver/Src/stm32l4xx_hal_cortex.o
 .debug_frame   0x00000be0      0x14c ./Drivers/STM32L4xx_HAL_Driver/Src/stm32l4xx_hal_gpio.o
 .debug_frame   0x00000d2c      0xc38 ./Drivers/STM32L4xx_HAL_Driver/Src/stm32l4xx_hal_i2c.o
 .debug_frame   0x00001964      0x100 ./Drivers/STM32L4xx_HAL_Driver/Src/stm32l4xx_hal_i2c_ex.o
 .debug_frame   0x00001a64      0x584 ./Drivers/STM32L4xx_HAL_Driver/Src/stm32l4xx_hal_pwr_ex.o
 .debug_frame   0x00001fe8      0x21c ./Drivers/STM32L4xx_HAL_Driver/Src/stm32l4xx_hal_rcc.o
 .debug_frame   0x00002204      0x2fc ./Drivers/STM32L4xx_HAL_Driver/Src/stm32l4xx_hal_rcc_ex.o
 .debug_frame   0x00002500      0x5bc ./Libraries/stm32-bme280-master/bme280.o
 .debug_frame   0x00002abc       0x20 D:/ST/STM32CubeIDE_1.15.1/STM32CubeIDE/plugins/com.st.stm32cube.ide.mcu.externaltools.gnu-tools-for-stm32.12.3.rel1.win32_1.0.100.202403111256/tools/bin/../lib/gcc/arm-none-eabi/12.3.1/../../../../arm-none-eabi/lib/thumb/v7e-m+fp/hard\libc_nano.a(libc_a-memset.o)
 .debug_frame   0x00002adc       0x2c D:/ST/STM32CubeIDE_1.15.1/STM32CubeIDE/plugins/com.st.stm32cube.ide.mcu.externaltools.gnu-tools-for-stm32.12.3.rel1.win32_1.0.100.202403111256/tools/bin/../lib/gcc/arm-none-eabi/12.3.1/../../../../arm-none-eabi/lib/thumb/v7e-m+fp/hard\libc_nano.a(libc_a-init.o)

.debug_line_str
                0x00000000       0x8c
 .debug_line_str
                0x00000000       0x8c ./Core/Startup/startup_stm32l476rgtx.o
