Archive member included to satisfy reference by file (symbol)

D:/ST/STM32CubeCLT_1.15.1/GNU-tools-for-STM32/bin/../lib/gcc/arm-none-eabi/12.3.1/../../../../arm-none-eabi/lib/thumb/v7e-m+fp/hard\libc_nano.a(libc_a-exit.o)
                              D:/ST/STM32CubeCLT_1.15.1/GNU-tools-for-STM32/bin/../lib/gcc/arm-none-eabi/12.3.1/../../../../arm-none-eabi/lib/thumb/v7e-m+fp/hard/crt0.o (exit)
D:/ST/STM32CubeCLT_1.15.1/GNU-tools-for-STM32/bin/../lib/gcc/arm-none-eabi/12.3.1/../../../../arm-none-eabi/lib/thumb/v7e-m+fp/hard\libc_nano.a(libc_a-nano-vfprintf_float.o)
                              (_printf_float)
D:/ST/STM32CubeCLT_1.15.1/GNU-tools-for-STM32/bin/../lib/gcc/arm-none-eabi/12.3.1/../../../../arm-none-eabi/lib/thumb/v7e-m+fp/hard\libc_nano.a(libc_a-nano-vfprintf_i.o)
                              D:/ST/STM32CubeCLT_1.15.1/GNU-tools-for-STM32/bin/../lib/gcc/arm-none-eabi/12.3.1/../../../../arm-none-eabi/lib/thumb/v7e-m+fp/hard\libc_nano.a(libc_a-nano-vfprintf_float.o) (_printf_common)
D:/ST/STM32CubeCLT_1.15.1/GNU-tools-for-STM32/bin/../lib/gcc/arm-none-eabi/12.3.1/../../../../arm-none-eabi/lib/thumb/v7e-m+fp/hard\libc_nano.a(libc_a-nano-vfscanf_float.o)
                              (_scanf_float)
D:/ST/STM32CubeCLT_1.15.1/GNU-tools-for-STM32/bin/../lib/gcc/arm-none-eabi/12.3.1/../../../../arm-none-eabi/lib/thumb/v7e-m+fp/hard\libc_nano.a(libc_a-findfp.o)
                              D:/ST/STM32CubeCLT_1.15.1/GNU-tools-for-STM32/bin/../lib/gcc/arm-none-eabi/12.3.1/../../../../arm-none-eabi/lib/thumb/v7e-m+fp/hard\libc_nano.a(libc_a-exit.o) (__stdio_exit_handler)
D:/ST/STM32CubeCLT_1.15.1/GNU-tools-for-STM32/bin/../lib/gcc/arm-none-eabi/12.3.1/../../../../arm-none-eabi/lib/thumb/v7e-m+fp/hard\libc_nano.a(libc_a-fwalk.o)
                              D:/ST/STM32CubeCLT_1.15.1/GNU-tools-for-STM32/bin/../lib/gcc/arm-none-eabi/12.3.1/../../../../arm-none-eabi/lib/thumb/v7e-m+fp/hard\libc_nano.a(libc_a-findfp.o) (_fwalk_sglue)
D:/ST/STM32CubeCLT_1.15.1/GNU-tools-for-STM32/bin/../lib/gcc/arm-none-eabi/12.3.1/../../../../arm-none-eabi/lib/thumb/v7e-m+fp/hard\libc_nano.a(libc_a-sprintf.o)
                              D:/ST/STM32CubeCLT_1.15.1/GNU-tools-for-STM32/bin/../lib/gcc/arm-none-eabi/12.3.1/../../../../arm-none-eabi/lib/thumb/v7e-m+fp/hard\libc_nano.a(libc_a-nano-vfscanf_float.o) (sprintf)
D:/ST/STM32CubeCLT_1.15.1/GNU-tools-for-STM32/bin/../lib/gcc/arm-none-eabi/12.3.1/../../../../arm-none-eabi/lib/thumb/v7e-m+fp/hard\libc_nano.a(libc_a-stdio.o)
                              D:/ST/STM32CubeCLT_1.15.1/GNU-tools-for-STM32/bin/../lib/gcc/arm-none-eabi/12.3.1/../../../../arm-none-eabi/lib/thumb/v7e-m+fp/hard\libc_nano.a(libc_a-findfp.o) (__sread)
D:/ST/STM32CubeCLT_1.15.1/GNU-tools-for-STM32/bin/../lib/gcc/arm-none-eabi/12.3.1/../../../../arm-none-eabi/lib/thumb/v7e-m+fp/hard\libc_nano.a(libc_a-memset.o)
                              D:/ST/STM32CubeCLT_1.15.1/GNU-tools-for-STM32/bin/../lib/gcc/arm-none-eabi/12.3.1/../../../../arm-none-eabi/lib/thumb/v7e-m+fp/hard/crt0.o (memset)
D:/ST/STM32CubeCLT_1.15.1/GNU-tools-for-STM32/bin/../lib/gcc/arm-none-eabi/12.3.1/../../../../arm-none-eabi/lib/thumb/v7e-m+fp/hard\libc_nano.a(libc_a-localeconv.o)
                              D:/ST/STM32CubeCLT_1.15.1/GNU-tools-for-STM32/bin/../lib/gcc/arm-none-eabi/12.3.1/../../../../arm-none-eabi/lib/thumb/v7e-m+fp/hard\libc_nano.a(libc_a-nano-vfprintf_float.o) (_localeconv_r)
D:/ST/STM32CubeCLT_1.15.1/GNU-tools-for-STM32/bin/../lib/gcc/arm-none-eabi/12.3.1/../../../../arm-none-eabi/lib/thumb/v7e-m+fp/hard\libc_nano.a(libc_a-closer.o)
                              D:/ST/STM32CubeCLT_1.15.1/GNU-tools-for-STM32/bin/../lib/gcc/arm-none-eabi/12.3.1/../../../../arm-none-eabi/lib/thumb/v7e-m+fp/hard\libc_nano.a(libc_a-stdio.o) (_close_r)
D:/ST/STM32CubeCLT_1.15.1/GNU-tools-for-STM32/bin/../lib/gcc/arm-none-eabi/12.3.1/../../../../arm-none-eabi/lib/thumb/v7e-m+fp/hard\libc_nano.a(libc_a-reent.o)
                              D:/ST/STM32CubeCLT_1.15.1/GNU-tools-for-STM32/bin/../lib/gcc/arm-none-eabi/12.3.1/../../../../arm-none-eabi/lib/thumb/v7e-m+fp/hard\libc_nano.a(libc_a-closer.o) (errno)
D:/ST/STM32CubeCLT_1.15.1/GNU-tools-for-STM32/bin/../lib/gcc/arm-none-eabi/12.3.1/../../../../arm-none-eabi/lib/thumb/v7e-m+fp/hard\libc_nano.a(libc_a-impure.o)
                              D:/ST/STM32CubeCLT_1.15.1/GNU-tools-for-STM32/bin/../lib/gcc/arm-none-eabi/12.3.1/../../../../arm-none-eabi/lib/thumb/v7e-m+fp/hard\libc_nano.a(libc_a-sprintf.o) (_impure_ptr)
D:/ST/STM32CubeCLT_1.15.1/GNU-tools-for-STM32/bin/../lib/gcc/arm-none-eabi/12.3.1/../../../../arm-none-eabi/lib/thumb/v7e-m+fp/hard\libc_nano.a(libc_a-lseekr.o)
                              D:/ST/STM32CubeCLT_1.15.1/GNU-tools-for-STM32/bin/../lib/gcc/arm-none-eabi/12.3.1/../../../../arm-none-eabi/lib/thumb/v7e-m+fp/hard\libc_nano.a(libc_a-stdio.o) (_lseek_r)
[...]
Memory Configuration

Name             Origin             Length             Attributes
RAM              0x20000000         0x00018000         xrw
RAM2             0x10000000         0x00008000         xrw
FLASH            0x08000000         0x00100000         xr
*default*        0x00000000         0xffffffff

Linker script and memory map

LOAD D:/ST/STM32CubeCLT_1.15.1/GNU-tools-for-STM32/bin/../lib/gcc/arm-none-eabi/12.3.1/thumb/v7e-m+fp/hard/crti.o
LOAD D:/ST/STM32CubeCLT_1.15.1/GNU-tools-for-STM32/bin/../lib/gcc/arm-none-eabi/12.3.1/thumb/v7e-m+fp/hard/crtbegin.o
LOAD D:/ST/STM32CubeCLT_1.15.1/GNU-tools-for-STM32/bin/../lib/gcc/arm-none-eabi/12.3.1/../../../../arm-none-eabi/lib/thumb/v7e-m+fp/hard/crt0.o
START GROUP
LOAD D:/ST/STM32CubeCLT_1.15.1/GNU-tools-for-STM32/bin/../lib/gcc/arm-none-eabi/12.3.1/../../../../arm-none-eabi/lib/thumb/v7e-m+fp/hard\libc_nano.a
LOAD D:/ST/STM32CubeCLT_1.15.1/GNU-tools-for-STM32/bin/../lib/gcc/arm-none-eabi/12.3.1/../../../../arm-none-eabi/lib/thumb/v7e-m+fp/hard\libm.a
END GROUP
LOAD CMakeFiles/31_05_2024.dir/Libraries/stm32-bme280-master/bme280.c.obj
LOAD CMakeFiles/31_05_2024.dir/Libraries/stm32-ens160-master/ens160.c.obj
LOAD CMakeFiles/31_05_2024.dir/Libraries/stm32-SEN05XX-master/sen05xx.c.obj
LOAD CMakeFiles/31_05_2024.dir/Libraries/stm32-max17048-master/max.c.obj
LOAD CMakeFiles/31_05_2024.dir/Libraries/stm32-epd4in2b-master/epd4in2b.c.obj
LOAD CMakeFiles/31_05_2024.dir/Libraries/stm32-epd4in2b-master/epdpaint.c.obj
LOAD CMakeFiles/31_05_2024.dir/Libraries/stm32-epd4in2b-master/font8.c.obj
LOAD CMakeFiles/31_05_2024.dir/Libraries/stm32-epd4in2b-master/font12.c.obj
LOAD CMakeFiles/31_05_2024.dir/Libraries/stm32-epd4in2b-master/font16.c.obj
LOAD CMakeFiles/31_05_2024.dir/Libraries/stm32-epd4in2b-master/font20.c.obj
LOAD CMakeFiles/31_05_2024.dir/Libraries/stm32-epd4in2b-master/font24.c.obj
LOAD CMakeFiles/31_05_2024.dir/Libraries/stm32-epd4in2b-master/imagedata.c.obj
LOAD CMakeFiles/31_05_2024.dir/Core/Src/user_interface.c.obj
LOAD CMakeFiles/31_05_2024.dir/Core/Src/main.c.obj
LOAD CMakeFiles/31_05_2024.dir/Core/Src/stm32l4xx_it.c.obj
LOAD CMakeFiles/31_05_2024.dir/Core/Src/stm32l4xx_hal_msp.c.obj
LOAD CMakeFiles/31_05_2024.dir/Core/Src/fatfs_sd_card.c.obj
LOAD CMakeFiles/31_05_2024.dir/Core/Src/sensors.c.obj
LOAD CMakeFiles/31_05_2024.dir/FATFS/Target/user_diskio.c.obj
LOAD CMakeFiles/31_05_2024.dir/FATFS/App/fatfs.c.obj
LOAD CMakeFiles/31_05_2024.dir/Drivers/STM32L4xx_HAL_Driver/Src/stm32l4xx_hal_adc.c.obj
LOAD CMakeFiles/31_05_2024.dir/Drivers/STM32L4xx_HAL_Driver/Src/stm32l4xx_hal_adc_ex.c.obj
LOAD CMakeFiles/31_05_2024.dir/Drivers/STM32L4xx_HAL_Driver/Src/stm32l4xx_hal.c.obj
LOAD CMakeFiles/31_05_2024.dir/Drivers/STM32L4xx_HAL_Driver/Src/stm32l4xx_hal_rcc.c.obj
LOAD CMakeFiles/31_05_2024.dir/Drivers/STM32L4xx_HAL_Driver/Src/stm32l4xx_hal_rcc_ex.c.obj
LOAD CMakeFiles/31_05_2024.dir/Drivers/STM32L4xx_HAL_Driver/Src/stm32l4xx_hal_flash.c.obj
LOAD CMakeFiles/31_05_2024.dir/Drivers/STM32L4xx_HAL_Driver/Src/stm32l4xx_hal_flash_ex.c.obj
LOAD CMakeFiles/31_05_2024.dir/Drivers/STM32L4xx_HAL_Driver/Src/stm32l4xx_hal_flash_ramfunc.c.obj
LOAD CMakeFiles/31_05_2024.dir/Drivers/STM32L4xx_HAL_Driver/Src/stm32l4xx_hal_gpio.c.obj
LOAD CMakeFiles/31_05_2024.dir/Drivers/STM32L4xx_HAL_Driver/Src/stm32l4xx_hal_i2c.c.obj
LOAD CMakeFiles/31_05_2024.dir/Drivers/STM32L4xx_HAL_Driver/Src/stm32l4xx_hal_i2c_ex.c.obj
LOAD CMakeFiles/31_05_2024.dir/Drivers/STM32L4xx_HAL_Driver/Src/stm32l4xx_hal_dma.c.obj
LOAD CMakeFiles/31_05_2024.dir/Drivers/STM32L4xx_HAL_Driver/Src/stm32l4xx_hal_dma_ex.c.obj
LOAD CMakeFiles/31_05_2024.dir/Drivers/STM32L4xx_HAL_Driver/Src/stm32l4xx_hal_pwr.c.obj
LOAD CMakeFiles/31_05_2024.dir/Drivers/STM32L4xx_HAL_Driver/Src/stm32l4xx_hal_pwr_ex.c.obj
LOAD CMakeFiles/31_05_2024.dir/Drivers/STM32L4xx_HAL_Driver/Src/stm32l4xx_hal_cortex.c.obj
LOAD CMakeFiles/31_05_2024.dir/Drivers/STM32L4xx_HAL_Driver/Src/stm32l4xx_hal_exti.c.obj
LOAD CMakeFiles/31_05_2024.dir/Drivers/STM32L4xx_HAL_Driver/Src/stm32l4xx_hal_rtc.c.obj
LOAD CMakeFiles/31_05_2024.dir/Drivers/STM32L4xx_HAL_Driver/Src/stm32l4xx_hal_rtc_ex.c.obj
LOAD CMakeFiles/31_05_2024.dir/Drivers/STM32L4xx_HAL_Driver/Src/stm32l4xx_hal_spi.c.obj
LOAD CMakeFiles/31_05_2024.dir/Drivers/STM32L4xx_HAL_Driver/Src/stm32l4xx_hal_spi_ex.c.obj
LOAD CMakeFiles/31_05_2024.dir/Drivers/STM32L4xx_HAL_Driver/Src/stm32l4xx_hal_tim.c.obj
LOAD CMakeFiles/31_05_2024.dir/Drivers/STM32L4xx_HAL_Driver/Src/stm32l4xx_hal_tim_ex.c.obj
LOAD CMakeFiles/31_05_2024.dir/Drivers/STM32L4xx_HAL_Driver/Src/stm32l4xx_hal_uart.c.obj
LOAD CMakeFiles/31_05_2024.dir/Drivers/STM32L4xx_HAL_Driver/Src/stm32l4xx_hal_uart_ex.c.obj
LOAD CMakeFiles/31_05_2024.dir/Core/Src/system_stm32l4xx.c.obj
LOAD CMakeFiles/31_05_2024.dir/Middlewares/Third_Party/FatFs/src/diskio.c.obj
LOAD CMakeFiles/31_05_2024.dir/Middlewares/Third_Party/FatFs/src/ff.c.obj
LOAD CMakeFiles/31_05_2024.dir/Middlewares/Third_Party/FatFs/src/ff_gen_drv.c.obj
LOAD CMakeFiles/31_05_2024.dir/Middlewares/Third_Party/FatFs/src/option/syscall.c.obj
LOAD CMakeFiles/31_05_2024.dir/Middlewares/Third_Party/FatFs/src/option/ccsbcs.c.obj
LOAD CMakeFiles/31_05_2024.dir/Core/Src/sysmem.c.obj
LOAD CMakeFiles/31_05_2024.dir/Core/Src/syscalls.c.obj
LOAD CMakeFiles/31_05_2024.dir/startup_stm32l476xx.s.obj
START GROUP
LOAD D:/ST/STM32CubeCLT_1.15.1/GNU-tools-for-STM32/bin/../lib/gcc/arm-none-eabi/12.3.1/thumb/v7e-m+fp/hard\libgcc.a
LOAD D:/ST/STM32CubeCLT_1.15.1/GNU-tools-for-STM32/bin/../lib/gcc/arm-none-eabi/12.3.1/../../../../arm-none-eabi/lib/thumb/v7e-m+fp/hard\libg_nano.a
LOAD D:/ST/STM32CubeCLT_1.15.1/GNU-tools-for-STM32/bin/../lib/gcc/arm-none-eabi/12.3.1/../../../../arm-none-eabi/lib/thumb/v7e-m+fp/hard\libc_nano.a
END GROUP
START GROUP
LOAD D:/ST/STM32CubeCLT_1.15.1/GNU-tools-for-STM32/bin/../lib/gcc/arm-none-eabi/12.3.1/thumb/v7e-m+fp/hard\libgcc.a
LOAD D:/ST/STM32CubeCLT_1.15.1/GNU-tools-for-STM32/bin/../lib/gcc/arm-none-eabi/12.3.1/../../../../arm-none-eabi/lib/thumb/v7e-m+fp/hard\libc_nano.a
END GROUP
LOAD D:/ST/STM32CubeCLT_1.15.1/GNU-tools-for-STM32/bin/../lib/gcc/arm-none-eabi/12.3.1/thumb/v7e-m+fp/hard/crtend.o
LOAD D:/ST/STM32CubeCLT_1.15.1/GNU-tools-for-STM32/bin/../lib/gcc/arm-none-eabi/12.3.1/thumb/v7e-m+fp/hard/crtn.o
                0x20018000                        _estack = (ORIGIN (RAM) + LENGTH (RAM))
                0x00000200                        _Min_Heap_Size = 0x200
                0x00000400                        _Min_Stack_Size = 0x400

.isr_vector     0x08000000      0x188
                0x08000000                        . = ALIGN (0x8)
 *(.isr_vector)
 .isr_vector    0x08000000      0x188 CMakeFiles/31_05_2024.dir/startup_stm32l476xx.s.obj
                0x08000000                g_pfnVectors
                0x08000188                        . = ALIGN (0x8)

.text           0x08000190    0x17288
                0x08000190                        . = ALIGN (0x8)
 *(.text)
 .text          0x08000190       0x40 D:/ST/STM32CubeCLT_1.15.1/GNU-tools-for-STM32/bin/../lib/gcc/arm-none-eabi/12.3.1/thumb/v7e-m+fp/hard/crtbegin.o
 .text          0x080001d0       0xa0 D:/ST/STM32CubeCLT_1.15.1/GNU-tools-for-STM32/bin/../lib/gcc/arm-none-eabi/12.3.1/../../../../arm-none-eabi/lib/thumb/v7e-m+fp/hard\libc_nano.a(libc_a-memchr.o)
                0x080001d0                memchr
 .text          0x08000270       0x10 D:/ST/STM32CubeCLT_1.15.1/GNU-tools-for-STM32/bin/../lib/gcc/arm-none-eabi/12.3.1/../../../../arm-none-eabi/lib/thumb/v7e-m+fp/hard\libc_nano.a(libc_a-strlen.o)
                0x08000270                strlen
 .text          0x08000280      0x378 D:/ST/STM32CubeCLT_1.15.1/GNU-tools-for-STM32/bin/../lib/gcc/arm-none-eabi/12.3.1/thumb/v7e-m+fp/hard\libgcc.a(_arm_addsubdf3.o)
                0x08000280                __aeabi_drsub
                0x08000288                __aeabi_dsub
                0x08000288                __subdf3
                0x0800028c                __aeabi_dadd
                0x0800028c                __adddf3
                0x08000504                __floatunsidf
                0x08000504                __aeabi_ui2d
                0x08000524                __floatsidf
                0x08000524                __aeabi_i2d
                0x08000548                __aeabi_f2d
                0x08000548                __extendsfdf2
                0x0800058c                __floatundidf
                0x0800058c                __aeabi_ul2d
                0x0800059c                __floatdidf
                0x0800059c                __aeabi_l2d
 .text          0x080005f8      0x424 D:/ST/STM32CubeCLT_1.15.1/GNU-tools-for-STM32/bin/../lib/gcc/arm-none-eabi/12.3.1/thumb/v7e-m+fp/hard\libgcc.a(_arm_muldivdf3.o)
                0x080005f8                __aeabi_dmul
                0x080005f8                __muldf3
                0x0800084c                __divdf3
                0x0800084c                __aeabi_ddiv
 .text          0x08000a1c      0x110 D:/ST/STM32CubeCLT_1.15.1/GNU-tools-for-STM32/bin/../lib/gcc/arm-none-eabi/12.3.1/thumb/v7e-m+fp/hard\libgcc.a(_arm_cmpdf2.o)
                0x08000a1c                __gtdf2
                0x08000a1c                __gedf2
                0x08000a24                __ltdf2
                0x08000a24                __ledf2
                0x08000a2c                __nedf2
                0x08000a2c                __eqdf2
                0x08000a2c                __cmpdf2
                0x08000aa8                __aeabi_cdrcmple
                0x08000ab8                __aeabi_cdcmpeq
                0x08000ab8                __aeabi_cdcmple
                0x08000ac8                __aeabi_dcmpeq
                0x08000adc                __aeabi_dcmplt
                0x08000af0                __aeabi_dcmple
                0x08000b04                __aeabi_dcmpge
                0x08000b18                __aeabi_dcmpgt
 .text          0x08000b2c       0x2c D:/ST/STM32CubeCLT_1.15.1/GNU-tools-for-STM32/bin/../lib/gcc/arm-none-eabi/12.3.1/thumb/v7e-m+fp/hard\libgcc.a(_arm_unorddf2.o)
                0x08000b2c                __unorddf2
                0x08000b2c                __aeabi_dcmpun
 .text          0x08000b58       0x50 D:/ST/STM32CubeCLT_1.15.1/GNU-tools-for-STM32/bin/../lib/gcc/arm-none-eabi/12.3.1/thumb/v7e-m+fp/hard\libgcc.a(_arm_fixdfsi.o)
                0x08000b58                __aeabi_d2iz
                0x08000b58                __fixdfsi
 .text          0x08000ba8       0x40 D:/ST/STM32CubeCLT_1.15.1/GNU-tools-for-STM32/bin/../lib/gcc/arm-none-eabi/12.3.1/thumb/v7e-m+fp/hard\libgcc.a(_arm_fixunsdfsi.o)
                0x08000ba8                __aeabi_d2uiz
                0x08000ba8                __fixunsdfsi
 .text          0x08000be8       0xa0 D:/ST/STM32CubeCLT_1.15.1/GNU-tools-for-STM32/bin/../lib/gcc/arm-none-eabi/12.3.1/thumb/v7e-m+fp/hard\libgcc.a(_arm_truncdfsf2.o)
                0x08000be8                __truncdfsf2
                0x08000be8                __aeabi_d2f
 .text          0x08000c88       0x30 D:/ST/STM32CubeCLT_1.15.1/GNU-tools-for-STM32/bin/../lib/gcc/arm-none-eabi/12.3.1/thumb/v7e-m+fp/hard\libgcc.a(_aeabi_uldivmod.o)
                0x08000c88                __aeabi_uldivmod
 .text          0x08000cb8       0x30 D:/ST/STM32CubeCLT_1.15.1/GNU-tools-for-STM32/bin/../lib/gcc/arm-none-eabi/12.3.1/thumb/v7e-m+fp/hard\libgcc.a(_fixdfdi.o)
                0x08000cb8                __fixdfdi
                0x08000cb8                __aeabi_d2lz
 .text          0x08000ce8       0x3c D:/ST/STM32CubeCLT_1.15.1/GNU-tools-for-STM32/bin/../lib/gcc/arm-none-eabi/12.3.1/thumb/v7e-m+fp/hard\libgcc.a(_fixunsdfdi.o)
                0x08000ce8                __fixunsdfdi
                0x08000ce8                __aeabi_d2ulz
 .text          0x08000d24      0x2bc D:/ST/STM32CubeCLT_1.15.1/GNU-tools-for-STM32/bin/../lib/gcc/arm-none-eabi/12.3.1/thumb/v7e-m+fp/hard\libgcc.a(_udivmoddi4.o)
                0x08000d24                __udivmoddi4
 .text          0x08000fe0        0x4 D:/ST/STM32CubeCLT_1.15.1/GNU-tools-for-STM32/bin/../lib/gcc/arm-none-eabi/12.3.1/thumb/v7e-m+fp/hard\libgcc.a(_dvmd_tls.o)
                0x08000fe0                __aeabi_idiv0
                0x08000fe0                __aeabi_ldiv0
 *(.text*)
 .text.__cvt    0x08000fe4       0xca D:/ST/STM32CubeCLT_1.15.1/GNU-tools-for-STM32/bin/../lib/gcc/arm-none-eabi/12.3.1/../../../../arm-none-eabi/lib/thumb/v7e-m+fp/hard\libc_nano.a(libc_a-nano-vfprintf_float.o)
                0x08000fe4                __cvt
 .text.__exponent
                0x080010ae       0x74 D:/ST/STM32CubeCLT_1.15.1/GNU-tools-for-STM32/bin/../lib/gcc/arm-none-eabi/12.3.1/../../../../arm-none-eabi/lib/thumb/v7e-m+fp/hard\libc_nano.a(libc_a-nano-vfprintf_float.o)
                0x080010ae                __exponent
 *fill*         0x08001122        0x2 
 .text._printf_float
                0x08001124      0x454 D:/ST/STM32CubeCLT_1.15.1/GNU-tools-for-STM32/bin/../lib/gcc/arm-none-eabi/12.3.1/../../../../arm-none-eabi/lib/thumb/v7e-m+fp/hard\libc_nano.a(libc_a-nano-vfprintf_float.o)
                0x08001124                _printf_float
 .text._printf_common
                0x08001578       0xda D:/ST/STM32CubeCLT_1.15.1/GNU-tools-for-STM32/bin/../lib/gcc/arm-none-eabi/12.3.1/../../../../arm-none-eabi/lib/thumb/v7e-m+fp/hard\libc_nano.a(libc_a-nano-vfprintf_i.o)
                0x08001578                _printf_common
 *fill*         0x08001652        0x2 
 .text._printf_i
                0x08001654      0x240 D:/ST/STM32CubeCLT_1.15.1/GNU-tools-for-STM32/bin/../lib/gcc/arm-none-eabi/12.3.1/../../../../arm-none-eabi/lib/thumb/v7e-m+fp/hard\libc_nano.a(libc_a-nano-vfprintf_i.o)
                0x08001654                _printf_i
 .text._scanf_float
                0x08001894      0x428 D:/ST/STM32CubeCLT_1.15.1/GNU-tools-for-STM32/bin/../lib/gcc/arm-none-eabi/12.3.1/../../../../arm-none-eabi/lib/thumb/v7e-m+fp/hard\libc_nano.a(libc_a-nano-vfscanf_float.o)
                0x08001894                _scanf_float
 .text.std      0x08001cbc       0x6c D:/ST/STM32CubeCLT_1.15.1/GNU-tools-for-STM32/bin/../lib/gcc/arm-none-eabi/12.3.1/../../../../arm-none-eabi/lib/thumb/v7e-m+fp/hard\libc_nano.a(libc_a-findfp.o)
 .text.stdio_exit_handler
                0x08001d28       0x18 D:/ST/STM32CubeCLT_1.15.1/GNU-tools-for-STM32/bin/../lib/gcc/arm-none-eabi/12.3.1/../../../../arm-none-eabi/lib/thumb/v7e-m+fp/hard\libc_nano.a(libc_a-findfp.o)
 .text.cleanup_stdio
                0x08001d40       0x40 D:/ST/STM32CubeCLT_1.15.1/GNU-tools-for-STM32/bin/../lib/gcc/arm-none-eabi/12.3.1/../../../../arm-none-eabi/lib/thumb/v7e-m+fp/hard\libc_nano.a(libc_a-findfp.o)
 .text.global_stdio_init.part.0
                0x08001d80       0x3c D:/ST/STM32CubeCLT_1.15.1/GNU-tools-for-STM32/bin/../lib/gcc/arm-none-eabi/12.3.1/../../../../arm-none-eabi/lib/thumb/v7e-m+fp/hard\libc_nano.a(libc_a-findfp.o)
 .text.__sfp_lock_acquire
                0x08001dbc        0xc D:/ST/STM32CubeCLT_1.15.1/GNU-tools-for-STM32/bin/../lib/gcc/arm-none-eabi/12.3.1/../../../../arm-none-eabi/lib/thumb/v7e-m+fp/hard\libc_nano.a(libc_a-findfp.o)
                0x08001dbc                __sfp_lock_acquire
 .text.__sfp_lock_release
                0x08001dc8        0xc D:/ST/STM32CubeCLT_1.15.1/GNU-tools-for-STM32/bin/../lib/gcc/arm-none-eabi/12.3.1/../../../../arm-none-eabi/lib/thumb/v7e-m+fp/hard\libc_nano.a(libc_a-findfp.o)
                0x08001dc8                __sfp_lock_release
 .text.__sinit  0x08001dd4       0x30 D:/ST/STM32CubeCLT_1.15.1/GNU-tools-for-STM32/bin/../lib/gcc/arm-none-eabi/12.3.1/../../../../arm-none-eabi/lib/thumb/v7e-m+fp/hard\libc_nano.a(libc_a-findfp.o)
                0x08001dd4                __sinit
 .text._fwalk_sglue
                0x08001e04       0x3c D:/ST/STM32CubeCLT_1.15.1/GNU-tools-for-STM32/bin/../lib/gcc/arm-none-eabi/12.3.1/../../../../arm-none-eabi/lib/thumb/v7e-m+fp/hard\libc_nano.a(libc_a-fwalk.o)
                0x08001e04                _fwalk_sglue
 .text.sprintf  0x08001e40       0x40 D:/ST/STM32CubeCLT_1.15.1/GNU-tools-for-STM32/bin/../lib/gcc/arm-none-eabi/12.3.1/../../../../arm-none-eabi/lib/thumb/v7e-m+fp/hard\libc_nano.a(libc_a-sprintf.o)
                0x08001e40                siprintf
                0x08001e40                sprintf
 .text.__sread  0x08001e80       0x22 D:/ST/STM32CubeCLT_1.15.1/GNU-tools-for-STM32/bin/../lib/gcc/arm-none-eabi/12.3.1/../../../../arm-none-eabi/lib/thumb/v7e-m+fp/hard\libc_nano.a(libc_a-stdio.o)
                0x08001e80                __sread
 .text.__swrite
                0x08001ea2       0x38 D:/ST/STM32CubeCLT_1.15.1/GNU-tools-for-STM32/bin/../lib/gcc/arm-none-eabi/12.3.1/../../../../arm-none-eabi/lib/thumb/v7e-m+fp/hard\libc_nano.a(libc_a-stdio.o)
                0x08001ea2                __swrite
 .text.__sseek  0x08001eda       0x24 D:/ST/STM32CubeCLT_1.15.1/GNU-tools-for-STM32/bin/../lib/gcc/arm-none-eabi/12.3.1/../../../../arm-none-eabi/lib/thumb/v7e-m+fp/hard\libc_nano.a(libc_a-stdio.o)
                0x08001eda                __sseek
 .text.__sclose
                0x08001efe        0x8 D:/ST/STM32CubeCLT_1.15.1/GNU-tools-for-STM32/bin/../lib/gcc/arm-none-eabi/12.3.1/../../../../arm-none-eabi/lib/thumb/v7e-m+fp/hard\libc_nano.a(libc_a-stdio.o)
                0x08001efe                __sclose
 .text.memset   0x08001f06       0x10 D:/ST/STM32CubeCLT_1.15.1/GNU-tools-for-STM32/bin/../lib/gcc/arm-none-eabi/12.3.1/../../../../arm-none-eabi/lib/thumb/v7e-m+fp/hard\libc_nano.a(libc_a-memset.o)
                0x08001f06                memset
 *fill*         0x08001f16        0x2 
 .text._localeconv_r
                0x08001f18        0x8 D:/ST/STM32CubeCLT_1.15.1/GNU-tools-for-STM32/bin/../lib/gcc/arm-none-eabi/12.3.1/../../../../arm-none-eabi/lib/thumb/v7e-m+fp/hard\libc_nano.a(libc_a-localeconv.o)
                0x08001f18                _localeconv_r
 .text._close_r
                0x08001f20       0x20 D:/ST/STM32CubeCLT_1.15.1/GNU-tools-for-STM32/bin/../lib/gcc/arm-none-eabi/12.3.1/../../../../arm-none-eabi/lib/thumb/v7e-m+fp/hard\libc_nano.a(libc_a-closer.o)
                0x08001f20                _close_r
 .text._lseek_r
                0x08001f40       0x24 D:/ST/STM32CubeCLT_1.15.1/GNU-tools-for-STM32/bin/../lib/gcc/arm-none-eabi/12.3.1/../../../../arm-none-eabi/lib/thumb/v7e-m+fp/hard\libc_nano.a(libc_a-lseekr.o)
                0x08001f40                _lseek_r
 .text._read_r  0x08001f64       0x24 D:/ST/STM32CubeCLT_1.15.1/GNU-tools-for-STM32/bin/../lib/gcc/arm-none-eabi/12.3.1/../../../../arm-none-eabi/lib/thumb/v7e-m+fp/hard\libc_nano.a(libc_a-readr.o)
                0x08001f64                _read_r
 .text._write_r
                0x08001f88       0x24 D:/ST/STM32CubeCLT_1.15.1/GNU-tools-for-STM32/bin/../lib/gcc/arm-none-eabi/12.3.1/../../../../arm-none-eabi/lib/thumb/v7e-m+fp/hard\libc_nano.a(libc_a-writer.o)
                0x08001f88                _write_r
 .text.__libc_init_array
                0x08001fac       0x48 D:/ST/STM32CubeCLT_1.15.1/GNU-tools-for-STM32/bin/../lib/gcc/arm-none-eabi/12.3.1/../../../../arm-none-eabi/lib/thumb/v7e-m+fp/hard\libc_nano.a(libc_a-init.o)
                0x08001fac                __libc_init_array
 .text.__retarget_lock_init_recursive
                0x08001ff4        0x2 D:/ST/STM32CubeCLT_1.15.1/GNU-tools-for-STM32/bin/../lib/gcc/arm-none-eabi/12.3.1/../../../../arm-none-eabi/lib/thumb/v7e-m+fp/hard\libc_nano.a(libc_a-lock.o)
                0x08001ff4                __retarget_lock_init_recursive
 .text.__retarget_lock_acquire_recursive
                0x08001ff6        0x2 D:/ST/STM32CubeCLT_1.15.1/GNU-tools-for-STM32/bin/../lib/gcc/arm-none-eabi/12.3.1/../../../../arm-none-eabi/lib/thumb/v7e-m+fp/hard\libc_nano.a(libc_a-lock.o)
                0x08001ff6                __retarget_lock_acquire_recursive
 .text.__retarget_lock_release_recursive
                0x08001ff8        0x2 D:/ST/STM32CubeCLT_1.15.1/GNU-tools-for-STM32/bin/../lib/gcc/arm-none-eabi/12.3.1/../../../../arm-none-eabi/lib/thumb/v7e-m+fp/hard\libc_nano.a(libc_a-lock.o)
                0x08001ff8                __retarget_lock_release_recursive
 *fill*         0x08001ffa        0x2 
 .text.nanf     0x08001ffc        0xc D:/ST/STM32CubeCLT_1.15.1/GNU-tools-for-STM32/bin/../lib/gcc/arm-none-eabi/12.3.1/../../../../arm-none-eabi/lib/thumb/v7e-m+fp/hard\libc_nano.a(libm_a-sf_nan.o)
                0x08001ffc                nanf
 .text.quorem   0x08002008      0x110 D:/ST/STM32CubeCLT_1.15.1/GNU-tools-for-STM32/bin/../lib/gcc/arm-none-eabi/12.3.1/../../../../arm-none-eabi/lib/thumb/v7e-m+fp/hard\libc_nano.a(libc_a-dtoa.o)
 .text._dtoa_r  0x08002118      0xb88 D:/ST/STM32CubeCLT_1.15.1/GNU-tools-for-STM32/bin/../lib/gcc/arm-none-eabi/12.3.1/../../../../arm-none-eabi/lib/thumb/v7e-m+fp/hard\libc_nano.a(libc_a-dtoa.o)
                0x08002118                _dtoa_r
 .text._free_r  0x08002ca0       0x94 D:/ST/STM32CubeCLT_1.15.1/GNU-tools-for-STM32/bin/../lib/gcc/arm-none-eabi/12.3.1/../../../../arm-none-eabi/lib/thumb/v7e-m+fp/hard\libc_nano.a(libc_a-freer.o)
                0x08002ca0                _free_r
 .text.malloc   0x08002d34       0x10 D:/ST/STM32CubeCLT_1.15.1/GNU-tools-for-STM32/bin/../lib/gcc/arm-none-eabi/12.3.1/../../../../arm-none-eabi/lib/thumb/v7e-m+fp/hard\libc_nano.a(libc_a-malloc.o)
                0x08002d34                malloc
 .text.sbrk_aligned
                0x08002d44       0x44 D:/ST/STM32CubeCLT_1.15.1/GNU-tools-for-STM32/bin/../lib/gcc/arm-none-eabi/12.3.1/../../../../arm-none-eabi/lib/thumb/v7e-m+fp/hard\libc_nano.a(libc_a-mallocr.o)
 .text._malloc_r
                0x08002d88      0x100 D:/ST/STM32CubeCLT_1.15.1/GNU-tools-for-STM32/bin/../lib/gcc/arm-none-eabi/12.3.1/../../../../arm-none-eabi/lib/thumb/v7e-m+fp/hard\libc_nano.a(libc_a-mallocr.o)
                0x08002d88                _malloc_r
 .text.__malloc_lock
                0x08002e88        0xc D:/ST/STM32CubeCLT_1.15.1/GNU-tools-for-STM32/bin/../lib/gcc/arm-none-eabi/12.3.1/../../../../arm-none-eabi/lib/thumb/v7e-m+fp/hard\libc_nano.a(libc_a-mlock.o)
                0x08002e88                __malloc_lock
 .text.__malloc_unlock
                0x08002e94        0xc D:/ST/STM32CubeCLT_1.15.1/GNU-tools-for-STM32/bin/../lib/gcc/arm-none-eabi/12.3.1/../../../../arm-none-eabi/lib/thumb/v7e-m+fp/hard\libc_nano.a(libc_a-mlock.o)
                0x08002e94                __malloc_unlock
 .text._Balloc  0x08002ea0       0x80 D:/ST/STM32CubeCLT_1.15.1/GNU-tools-for-STM32/bin/../lib/gcc/arm-none-eabi/12.3.1/../../../../arm-none-eabi/lib/thumb/v7e-m+fp/hard\libc_nano.a(libc_a-mprec.o)
                0x08002ea0                _Balloc
 .text._Bfree   0x08002f20       0x44 D:/ST/STM32CubeCLT_1.15.1/GNU-tools-for-STM32/bin/../lib/gcc/arm-none-eabi/12.3.1/../../../../arm-none-eabi/lib/thumb/v7e-m+fp/hard\libc_nano.a(libc_a-mprec.o)
                0x08002f20                _Bfree
 .text.__multadd
                0x08002f64       0x8c D:/ST/STM32CubeCLT_1.15.1/GNU-tools-for-STM32/bin/../lib/gcc/arm-none-eabi/12.3.1/../../../../arm-none-eabi/lib/thumb/v7e-m+fp/hard\libc_nano.a(libc_a-mprec.o)
                0x08002f64                __multadd
 .text.__s2b    0x08002ff0       0x94 D:/ST/STM32CubeCLT_1.15.1/GNU-tools-for-STM32/bin/../lib/gcc/arm-none-eabi/12.3.1/../../../../arm-none-eabi/lib/thumb/v7e-m+fp/hard\libc_nano.a(libc_a-mprec.o)
                0x08002ff0                __s2b
 .text.__hi0bits
                0x08003084       0x3e D:/ST/STM32CubeCLT_1.15.1/GNU-tools-for-STM32/bin/../lib/gcc/arm-none-eabi/12.3.1/../../../../arm-none-eabi/lib/thumb/v7e-m+fp/hard\libc_nano.a(libc_a-mprec.o)
                0x08003084                __hi0bits
 .text.__lo0bits
                0x080030c2       0x5a D:/ST/STM32CubeCLT_1.15.1/GNU-tools-for-STM32/bin/../lib/gcc/arm-none-eabi/12.3.1/../../../../arm-none-eabi/lib/thumb/v7e-m+fp/hard\libc_nano.a(libc_a-mprec.o)
                0x080030c2                __lo0bits
 .text.__i2b    0x0800311c       0x2c D:/ST/STM32CubeCLT_1.15.1/GNU-tools-for-STM32/bin/../lib/gcc/arm-none-eabi/12.3.1/../../../../arm-none-eabi/lib/thumb/v7e-m+fp/hard\libc_nano.a(libc_a-mprec.o)
                0x0800311c                __i2b
 .text.__multiply
                0x08003148      0x154 D:/ST/STM32CubeCLT_1.15.1/GNU-tools-for-STM32/bin/../lib/gcc/arm-none-eabi/12.3.1/../../../../arm-none-eabi/lib/thumb/v7e-m+fp/hard\libc_nano.a(libc_a-mprec.o)
                0x08003148                __multiply
 .text.__pow5mult
                0x0800329c       0xb4 D:/ST/STM32CubeCLT_1.15.1/GNU-tools-for-STM32/bin/../lib/gcc/arm-none-eabi/12.3.1/../../../../arm-none-eabi/lib/thumb/v7e-m+fp/hard\libc_nano.a(libc_a-mprec.o)
                0x0800329c                __pow5mult
 .text.__lshift
                0x08003350       0xd8 D:/ST/STM32CubeCLT_1.15.1/GNU-tools-for-STM32/bin/../lib/gcc/arm-none-eabi/12.3.1/../../../../arm-none-eabi/lib/thumb/v7e-m+fp/hard\libc_nano.a(libc_a-mprec.o)
                0x08003350                __lshift
 .text.__mcmp   0x08003428       0x36 D:/ST/STM32CubeCLT_1.15.1/GNU-tools-for-STM32/bin/../lib/gcc/arm-none-eabi/12.3.1/../../../../arm-none-eabi/lib/thumb/v7e-m+fp/hard\libc_nano.a(libc_a-mprec.o)
                0x08003428                __mcmp
 *fill*         0x0800345e        0x2 
 .text.__mdiff  0x08003460      0x128 D:/ST/STM32CubeCLT_1.15.1/GNU-tools-for-STM32/bin/../lib/gcc/arm-none-eabi/12.3.1/../../../../arm-none-eabi/lib/thumb/v7e-m+fp/hard\libc_nano.a(libc_a-mprec.o)
                0x08003460                __mdiff
 .text.__ulp    0x08003588       0x4c D:/ST/STM32CubeCLT_1.15.1/GNU-tools-for-STM32/bin/../lib/gcc/arm-none-eabi/12.3.1/../../../../arm-none-eabi/lib/thumb/v7e-m+fp/hard\libc_nano.a(libc_a-mprec.o)
                0x08003588                __ulp
 .text.__b2d    0x080035d4       0x94 D:/ST/STM32CubeCLT_1.15.1/GNU-tools-for-STM32/bin/../lib/gcc/arm-none-eabi/12.3.1/../../../../arm-none-eabi/lib/thumb/v7e-m+fp/hard\libc_nano.a(libc_a-mprec.o)
                0x080035d4                __b2d
 .text.__d2b    0x08003668       0xb0 D:/ST/STM32CubeCLT_1.15.1/GNU-tools-for-STM32/bin/../lib/gcc/arm-none-eabi/12.3.1/../../../../arm-none-eabi/lib/thumb/v7e-m+fp/hard\libc_nano.a(libc_a-mprec.o)
                0x08003668                __d2b
 .text.__ratio  0x08003718       0x64 D:/ST/STM32CubeCLT_1.15.1/GNU-tools-for-STM32/bin/../lib/gcc/arm-none-eabi/12.3.1/../../../../arm-none-eabi/lib/thumb/v7e-m+fp/hard\libc_nano.a(libc_a-mprec.o)
                0x08003718                __ratio
 .text.__copybits
                0x0800377c       0x46 D:/ST/STM32CubeCLT_1.15.1/GNU-tools-for-STM32/bin/../lib/gcc/arm-none-eabi/12.3.1/../../../../arm-none-eabi/lib/thumb/v7e-m+fp/hard\libc_nano.a(libc_a-mprec.o)
                0x0800377c                __copybits
 .text.__any_on
                0x080037c2       0x42 D:/ST/STM32CubeCLT_1.15.1/GNU-tools-for-STM32/bin/../lib/gcc/arm-none-eabi/12.3.1/../../../../arm-none-eabi/lib/thumb/v7e-m+fp/hard\libc_nano.a(libc_a-mprec.o)
                0x080037c2                __any_on
 .text.sulp     0x08003804       0x3c D:/ST/STM32CubeCLT_1.15.1/GNU-tools-for-STM32/bin/../lib/gcc/arm-none-eabi/12.3.1/../../../../arm-none-eabi/lib/thumb/v7e-m+fp/hard\libc_nano.a(libc_a-strtod.o)
 .text._strtod_l
                0x08003840      0xbc8 D:/ST/STM32CubeCLT_1.15.1/GNU-tools-for-STM32/bin/../lib/gcc/arm-none-eabi/12.3.1/../../../../arm-none-eabi/lib/thumb/v7e-m+fp/hard\libc_nano.a(libc_a-strtod.o)
                0x08003840                _strtod_l
 .text._strtod_r
                0x08004408        0xc D:/ST/STM32CubeCLT_1.15.1/GNU-tools-for-STM32/bin/../lib/gcc/arm-none-eabi/12.3.1/../../../../arm-none-eabi/lib/thumb/v7e-m+fp/hard\libc_nano.a(libc_a-strtod.o)
                0x08004408                _strtod_r
 .text._strtol_l.constprop.0
                0x08004414       0xf4 D:/ST/STM32CubeCLT_1.15.1/GNU-tools-for-STM32/bin/../lib/gcc/arm-none-eabi/12.3.1/../../../../arm-none-eabi/lib/thumb/v7e-m+fp/hard\libc_nano.a(libc_a-strtol.o)
 .text._strtol_r
                0x08004508        0x4 D:/ST/STM32CubeCLT_1.15.1/GNU-tools-for-STM32/bin/../lib/gcc/arm-none-eabi/12.3.1/../../../../arm-none-eabi/lib/thumb/v7e-m+fp/hard\libc_nano.a(libc_a-strtol.o)
                0x08004508                _strtol_r
 .text.__ssputs_r
                0x0800450c       0xb6 D:/ST/STM32CubeCLT_1.15.1/GNU-tools-for-STM32/bin/../lib/gcc/arm-none-eabi/12.3.1/../../../../arm-none-eabi/lib/thumb/v7e-m+fp/hard\libc_nano.a(libc_a-nano-svfprintf.o)
                0x0800450c                __ssputs_r
 *fill*         0x080045c2        0x2 
 .text._svfprintf_r
                0x080045c4      0x1f8 D:/ST/STM32CubeCLT_1.15.1/GNU-tools-for-STM32/bin/../lib/gcc/arm-none-eabi/12.3.1/../../../../arm-none-eabi/lib/thumb/v7e-m+fp/hard\libc_nano.a(libc_a-nano-svfprintf.o)
                0x080045c4                _svfiprintf_r
                0x080045c4                _svfprintf_r
 .text.__sflush_r
                0x080047bc      0x108 D:/ST/STM32CubeCLT_1.15.1/GNU-tools-for-STM32/bin/../lib/gcc/arm-none-eabi/12.3.1/../../../../arm-none-eabi/lib/thumb/v7e-m+fp/hard\libc_nano.a(libc_a-fflush.o)
                0x080047bc                __sflush_r
 .text._fflush_r
                0x080048c4       0x50 D:/ST/STM32CubeCLT_1.15.1/GNU-tools-for-STM32/bin/../lib/gcc/arm-none-eabi/12.3.1/../../../../arm-none-eabi/lib/thumb/v7e-m+fp/hard\libc_nano.a(libc_a-fflush.o)
                0x080048c4                _fflush_r
 .text.memmove  0x08004914       0x34 D:/ST/STM32CubeCLT_1.15.1/GNU-tools-for-STM32/bin/../lib/gcc/arm-none-eabi/12.3.1/../../../../arm-none-eabi/lib/thumb/v7e-m+fp/hard\libc_nano.a(libc_a-memmove.o)
                0x08004914                memmove
 .text.strncmp  0x08004948       0x24 D:/ST/STM32CubeCLT_1.15.1/GNU-tools-for-STM32/bin/../lib/gcc/arm-none-eabi/12.3.1/../../../../arm-none-eabi/lib/thumb/v7e-m+fp/hard\libc_nano.a(libc_a-strncmp.o)
                0x08004948                strncmp
 .text._sbrk_r  0x0800496c       0x20 D:/ST/STM32CubeCLT_1.15.1/GNU-tools-for-STM32/bin/../lib/gcc/arm-none-eabi/12.3.1/../../../../arm-none-eabi/lib/thumb/v7e-m+fp/hard\libc_nano.a(libc_a-sbrkr.o)
                0x0800496c                _sbrk_r
 .text.__errno  0x0800498c        0xc D:/ST/STM32CubeCLT_1.15.1/GNU-tools-for-STM32/bin/../lib/gcc/arm-none-eabi/12.3.1/../../../../arm-none-eabi/lib/thumb/v7e-m+fp/hard\libc_nano.a(libc_a-errno.o)
                0x0800498c                __errno
 .text.memcpy   0x08004998       0x1c D:/ST/STM32CubeCLT_1.15.1/GNU-tools-for-STM32/bin/../lib/gcc/arm-none-eabi/12.3.1/../../../../arm-none-eabi/lib/thumb/v7e-m+fp/hard\libc_nano.a(libc_a-memcpy-stub.o)
                0x08004998                memcpy
 *fill*         0x080049b4        0x4 
 .text.nan      0x080049b8       0x10 D:/ST/STM32CubeCLT_1.15.1/GNU-tools-for-STM32/bin/../lib/gcc/arm-none-eabi/12.3.1/../../../../arm-none-eabi/lib/thumb/v7e-m+fp/hard\libc_nano.a(libm_a-s_nan.o)
                0x080049b8                nan
 .text.__assert_func
                0x080049c8       0x3c D:/ST/STM32CubeCLT_1.15.1/GNU-tools-for-STM32/bin/../lib/gcc/arm-none-eabi/12.3.1/../../../../arm-none-eabi/lib/thumb/v7e-m+fp/hard\libc_nano.a(libc_a-assert.o)
                0x080049c8                __assert_func
 .text._calloc_r
                0x08004a04       0x28 D:/ST/STM32CubeCLT_1.15.1/GNU-tools-for-STM32/bin/../lib/gcc/arm-none-eabi/12.3.1/../../../../arm-none-eabi/lib/thumb/v7e-m+fp/hard\libc_nano.a(libc_a-callocr.o)
                0x08004a04                _calloc_r
 .text.rshift   0x08004a2c       0xa4 D:/ST/STM32CubeCLT_1.15.1/GNU-tools-for-STM32/bin/../lib/gcc/arm-none-eabi/12.3.1/../../../../arm-none-eabi/lib/thumb/v7e-m+fp/hard\libc_nano.a(libc_a-gdtoa-gethex.o)
 .text.__hexdig_fun
                0x08004ad0       0x2a D:/ST/STM32CubeCLT_1.15.1/GNU-tools-for-STM32/bin/../lib/gcc/arm-none-eabi/12.3.1/../../../../arm-none-eabi/lib/thumb/v7e-m+fp/hard\libc_nano.a(libc_a-gdtoa-gethex.o)
                0x08004ad0                __hexdig_fun
 *fill*         0x08004afa        0x2 
 .text.__gethex
                0x08004afc      0x420 D:/ST/STM32CubeCLT_1.15.1/GNU-tools-for-STM32/bin/../lib/gcc/arm-none-eabi/12.3.1/../../../../arm-none-eabi/lib/thumb/v7e-m+fp/hard\libc_nano.a(libc_a-gdtoa-gethex.o)
                0x08004afc                __gethex
 .text.L_shift  0x08004f1c       0x24 D:/ST/STM32CubeCLT_1.15.1/GNU-tools-for-STM32/bin/../lib/gcc/arm-none-eabi/12.3.1/../../../../arm-none-eabi/lib/thumb/v7e-m+fp/hard\libc_nano.a(libc_a-gdtoa-hexnan.o)
 .text.__match  0x08004f40       0x28 D:/ST/STM32CubeCLT_1.15.1/GNU-tools-for-STM32/bin/../lib/gcc/arm-none-eabi/12.3.1/../../../../arm-none-eabi/lib/thumb/v7e-m+fp/hard\libc_nano.a(libc_a-gdtoa-hexnan.o)
                0x08004f40                __match
 .text.__hexnan
                0x08004f68      0x136 D:/ST/STM32CubeCLT_1.15.1/GNU-tools-for-STM32/bin/../lib/gcc/arm-none-eabi/12.3.1/../../../../arm-none-eabi/lib/thumb/v7e-m+fp/hard\libc_nano.a(libc_a-gdtoa-hexnan.o)
                0x08004f68                __hexnan
 .text.__ascii_mbtowc
                0x0800509e       0x24 D:/ST/STM32CubeCLT_1.15.1/GNU-tools-for-STM32/bin/../lib/gcc/arm-none-eabi/12.3.1/../../../../arm-none-eabi/lib/thumb/v7e-m+fp/hard\libc_nano.a(libc_a-mbtowc_r.o)
                0x0800509e                __ascii_mbtowc
 .text._realloc_r
                0x080050c2       0x5c D:/ST/STM32CubeCLT_1.15.1/GNU-tools-for-STM32/bin/../lib/gcc/arm-none-eabi/12.3.1/../../../../arm-none-eabi/lib/thumb/v7e-m+fp/hard\libc_nano.a(libc_a-reallocr.o)
                0x080050c2                _realloc_r
 .text.__ascii_wctomb
                0x0800511e       0x1a D:/ST/STM32CubeCLT_1.15.1/GNU-tools-for-STM32/bin/../lib/gcc/arm-none-eabi/12.3.1/../../../../arm-none-eabi/lib/thumb/v7e-m+fp/hard\libc_nano.a(libc_a-wctomb_r.o)
                0x0800511e                __ascii_wctomb
 .text.fprintf  0x08005138       0x24 D:/ST/STM32CubeCLT_1.15.1/GNU-tools-for-STM32/bin/../lib/gcc/arm-none-eabi/12.3.1/../../../../arm-none-eabi/lib/thumb/v7e-m+fp/hard\libc_nano.a(libc_a-fprintf.o)
                0x08005138                fiprintf
                0x08005138                fprintf
 .text.abort    0x0800515c        0xe D:/ST/STM32CubeCLT_1.15.1/GNU-tools-for-STM32/bin/../lib/gcc/arm-none-eabi/12.3.1/../../../../arm-none-eabi/lib/thumb/v7e-m+fp/hard\libc_nano.a(libc_a-abort.o)
                0x0800515c                abort
 .text._malloc_usable_size_r
                0x0800516a       0x10 D:/ST/STM32CubeCLT_1.15.1/GNU-tools-for-STM32/bin/../lib/gcc/arm-none-eabi/12.3.1/../../../../arm-none-eabi/lib/thumb/v7e-m+fp/hard\libc_nano.a(libc_a-msizer.o)
                0x0800516a                _malloc_usable_size_r
 .text.__sfputc_r
                0x0800517a       0x2e D:/ST/STM32CubeCLT_1.15.1/GNU-tools-for-STM32/bin/../lib/gcc/arm-none-eabi/12.3.1/../../../../arm-none-eabi/lib/thumb/v7e-m+fp/hard\libc_nano.a(libc_a-nano-vfprintf.o)
 .text.__sfputs_r
                0x080051a8       0x24 D:/ST/STM32CubeCLT_1.15.1/GNU-tools-for-STM32/bin/../lib/gcc/arm-none-eabi/12.3.1/../../../../arm-none-eabi/lib/thumb/v7e-m+fp/hard\libc_nano.a(libc_a-nano-vfprintf.o)
                0x080051a8                __sfputs_r
 .text._vfprintf_r
                0x080051cc      0x230 D:/ST/STM32CubeCLT_1.15.1/GNU-tools-for-STM32/bin/../lib/gcc/arm-none-eabi/12.3.1/../../../../arm-none-eabi/lib/thumb/v7e-m+fp/hard\libc_nano.a(libc_a-nano-vfprintf.o)
                0x080051cc                _vfprintf_r
                0x080051cc                _vfiprintf_r
 .text.__swbuf_r
                0x080053fc       0x7c D:/ST/STM32CubeCLT_1.15.1/GNU-tools-for-STM32/bin/../lib/gcc/arm-none-eabi/12.3.1/../../../../arm-none-eabi/lib/thumb/v7e-m+fp/hard\libc_nano.a(libc_a-wbuf.o)
                0x080053fc                __swbuf_r
 .text.__swsetup_r
                0x08005478       0xac D:/ST/STM32CubeCLT_1.15.1/GNU-tools-for-STM32/bin/../lib/gcc/arm-none-eabi/12.3.1/../../../../arm-none-eabi/lib/thumb/v7e-m+fp/hard\libc_nano.a(libc_a-wsetup.o)
                0x08005478                __swsetup_r
 .text._raise_r
                0x08005524       0x50 D:/ST/STM32CubeCLT_1.15.1/GNU-tools-for-STM32/bin/../lib/gcc/arm-none-eabi/12.3.1/../../../../arm-none-eabi/lib/thumb/v7e-m+fp/hard\libc_nano.a(libc_a-signal.o)
                0x08005524                _raise_r
 .text.raise    0x08005574       0x10 D:/ST/STM32CubeCLT_1.15.1/GNU-tools-for-STM32/bin/../lib/gcc/arm-none-eabi/12.3.1/../../../../arm-none-eabi/lib/thumb/v7e-m+fp/hard\libc_nano.a(libc_a-signal.o)
                0x08005574                raise
 .text._kill_r  0x08005584       0x24 D:/ST/STM32CubeCLT_1.15.1/GNU-tools-for-STM32/bin/../lib/gcc/arm-none-eabi/12.3.1/../../../../arm-none-eabi/lib/thumb/v7e-m+fp/hard\libc_nano.a(libc_a-signalr.o)
                0x08005584                _kill_r
 .text._getpid_r
                0x080055a8        0x4 D:/ST/STM32CubeCLT_1.15.1/GNU-tools-for-STM32/bin/../lib/gcc/arm-none-eabi/12.3.1/../../../../arm-none-eabi/lib/thumb/v7e-m+fp/hard\libc_nano.a(libc_a-signalr.o)
                0x080055a8                _getpid_r
 .text.__swhatbuf_r
                0x080055ac       0x4c D:/ST/STM32CubeCLT_1.15.1/GNU-tools-for-STM32/bin/../lib/gcc/arm-none-eabi/12.3.1/../../../../arm-none-eabi/lib/thumb/v7e-m+fp/hard\libc_nano.a(libc_a-makebuf.o)
                0x080055ac                __swhatbuf_r
 .text.__smakebuf_r
                0x080055f8       0x78 D:/ST/STM32CubeCLT_1.15.1/GNU-tools-for-STM32/bin/../lib/gcc/arm-none-eabi/12.3.1/../../../../arm-none-eabi/lib/thumb/v7e-m+fp/hard\libc_nano.a(libc_a-makebuf.o)
                0x080055f8                __smakebuf_r
 .text._fstat_r
                0x08005670       0x24 D:/ST/STM32CubeCLT_1.15.1/GNU-tools-for-STM32/bin/../lib/gcc/arm-none-eabi/12.3.1/../../../../arm-none-eabi/lib/thumb/v7e-m+fp/hard\libc_nano.a(libc_a-fstatr.o)
                0x08005670                _fstat_r
 .text._isatty_r
                0x08005694       0x20 D:/ST/STM32CubeCLT_1.15.1/GNU-tools-for-STM32/bin/../lib/gcc/arm-none-eabi/12.3.1/../../../../arm-none-eabi/lib/thumb/v7e-m+fp/hard\libc_nano.a(libc_a-isattyr.o)
                0x08005694                _isatty_r
 .text.bme280_init
                0x080056b4       0x9c CMakeFiles/31_05_2024.dir/Libraries/stm32-bme280-master/bme280.c.obj
                0x080056b4                bme280_init
 .text.bme280_compensate_temperature_int32
                0x08005750       0x90 CMakeFiles/31_05_2024.dir/Libraries/stm32-bme280-master/bme280.c.obj
                0x08005750                bme280_compensate_temperature_int32
 .text.bme280_compensate_pressure_int32
                0x080057e0      0x168 CMakeFiles/31_05_2024.dir/Libraries/stm32-bme280-master/bme280.c.obj
                0x080057e0                bme280_compensate_pressure_int32
 .text.bme280_compensate_humidity_int32
                0x08005948       0xd4 CMakeFiles/31_05_2024.dir/Libraries/stm32-bme280-master/bme280.c.obj
                0x08005948                bme280_compensate_humidity_int32
 .text.bme280_read_uncomp_pressure_temperature_humidity
                0x08005a1c       0x9c CMakeFiles/31_05_2024.dir/Libraries/stm32-bme280-master/bme280.c.obj
                0x08005a1c                bme280_read_uncomp_pressure_temperature_humidity
 .text.bme280_get_calib_param
                0x08005ab8      0x1ec CMakeFiles/31_05_2024.dir/Libraries/stm32-bme280-master/bme280.c.obj
                0x08005ab8                bme280_get_calib_param
 .text.bme280_set_oversamp_temperature
                0x08005ca4      0x17c CMakeFiles/31_05_2024.dir/Libraries/stm32-bme280-master/bme280.c.obj
                0x08005ca4                bme280_set_oversamp_temperature
 .text.bme280_set_oversamp_pressure
                0x08005e20      0x16c CMakeFiles/31_05_2024.dir/Libraries/stm32-bme280-master/bme280.c.obj
                0x08005e20                bme280_set_oversamp_pressure
 .text.bme280_set_oversamp_humidity
                0x08005f8c      0x1b4 CMakeFiles/31_05_2024.dir/Libraries/stm32-bme280-master/bme280.c.obj
                0x08005f8c                bme280_set_oversamp_humidity
 .text.bme280_get_power_mode
                0x08006140       0x58 CMakeFiles/31_05_2024.dir/Libraries/stm32-bme280-master/bme280.c.obj
                0x08006140                bme280_get_power_mode
 .text.bme280_set_power_mode
                0x08006198      0x180 CMakeFiles/31_05_2024.dir/Libraries/stm32-bme280-master/bme280.c.obj
                0x08006198                bme280_set_power_mode
 .text.bme280_set_soft_rst
                0x08006318       0x48 CMakeFiles/31_05_2024.dir/Libraries/stm32-bme280-master/bme280.c.obj
                0x08006318                bme280_set_soft_rst
 .text.bme280_set_filter
                0x08006360      0x180 CMakeFiles/31_05_2024.dir/Libraries/stm32-bme280-master/bme280.c.obj
                0x08006360                bme280_set_filter
 .text.bme280_set_standby_durn
                0x080064e0      0x178 CMakeFiles/31_05_2024.dir/Libraries/stm32-bme280-master/bme280.c.obj
                0x080064e0                bme280_set_standby_durn
 .text.bme280_write_register
                0x08006658       0x4c CMakeFiles/31_05_2024.dir/Libraries/stm32-bme280-master/bme280.c.obj
                0x08006658                bme280_write_register
 .text.bme280_read_register
                0x080066a4       0x4c CMakeFiles/31_05_2024.dir/Libraries/stm32-bme280-master/bme280.c.obj
                0x080066a4                bme280_read_register
 .text.DFRobot_ENS160_I2C_Init
                0x080066f0       0x36 CMakeFiles/31_05_2024.dir/Libraries/stm32-ens160-master/ens160.c.obj
                0x080066f0                DFRobot_ENS160_I2C_Init
 *fill*         0x08006726        0x2 
 .text.DFRobot_ENS160_I2C_Begin
                0x08006728      0x114 CMakeFiles/31_05_2024.dir/Libraries/stm32-ens160-master/ens160.c.obj
                0x08006728                DFRobot_ENS160_I2C_Begin
 .text.DFRobot_ENS160_SetPWRMode
                0x0800683c       0x3c CMakeFiles/31_05_2024.dir/Libraries/stm32-ens160-master/ens160.c.obj
                0x0800683c                DFRobot_ENS160_SetPWRMode
 .text.DFRobot_ENS160_SetINTMode
                0x08006878       0x46 CMakeFiles/31_05_2024.dir/Libraries/stm32-ens160-master/ens160.c.obj
                0x08006878                DFRobot_ENS160_SetINTMode
 .text.DFRobot_ENS160_GetStatus
                0x080068be       0x36 CMakeFiles/31_05_2024.dir/Libraries/stm32-ens160-master/ens160.c.obj
                0x080068be                DFRobot_ENS160_GetStatus
 .text.DFRobot_ENS160_GetAQI
                0x080068f4       0x36 CMakeFiles/31_05_2024.dir/Libraries/stm32-ens160-master/ens160.c.obj
                0x080068f4                DFRobot_ENS160_GetAQI
 .text.DFRobot_ENS160_GetTVOC
                0x0800692a       0x44 CMakeFiles/31_05_2024.dir/Libraries/stm32-ens160-master/ens160.c.obj
                0x0800692a                DFRobot_ENS160_GetTVOC
 .text.DFRobot_ENS160_GetECO2
                0x0800696e       0x44 CMakeFiles/31_05_2024.dir/Libraries/stm32-ens160-master/ens160.c.obj
                0x0800696e                DFRobot_ENS160_GetECO2
 *fill*         0x080069b2        0x6 
 .text.DFRobot_ENS160_SetTempAndHum
                0x080069b8       0xb8 CMakeFiles/31_05_2024.dir/Libraries/stm32-ens160-master/ens160.c.obj
                0x080069b8                DFRobot_ENS160_SetTempAndHum
 .text.read_and_print_ens160_data
                0x08006a70       0x40 CMakeFiles/31_05_2024.dir/Libraries/stm32-ens160-master/ens160.c.obj
                0x08006a70                read_and_print_ens160_data
 .text.read_soc
                0x08006ab0       0x64 CMakeFiles/31_05_2024.dir/Libraries/stm32-max17048-master/max.c.obj
                0x08006ab0                read_soc
 .text.DigitalWrite
                0x08006b14       0x24 CMakeFiles/31_05_2024.dir/Libraries/stm32-epd4in2b-master/epd4in2b.c.obj
                0x08006b14                DigitalWrite
 .text.DigitalRead
                0x08006b38       0x20 CMakeFiles/31_05_2024.dir/Libraries/stm32-epd4in2b-master/epd4in2b.c.obj
                0x08006b38                DigitalRead
 .text.SpiTransfer
                0x08006b58       0x24 CMakeFiles/31_05_2024.dir/Libraries/stm32-epd4in2b-master/epd4in2b.c.obj
                0x08006b58                SpiTransfer
 .text.DelayMs  0x08006b7c       0x16 CMakeFiles/31_05_2024.dir/Libraries/stm32-epd4in2b-master/epd4in2b.c.obj
                0x08006b7c                DelayMs
 *fill*         0x08006b92        0x2 
 .text.EpdIf_IfInit
                0x08006b94       0x98 CMakeFiles/31_05_2024.dir/Libraries/stm32-epd4in2b-master/epd4in2b.c.obj
                0x08006b94                EpdIf_IfInit
 .text.Epd_Init
                0x08006c2c      0x120 CMakeFiles/31_05_2024.dir/Libraries/stm32-epd4in2b-master/epd4in2b.c.obj
                0x08006c2c                Epd_Init
 .text.Epd_SendCommand
                0x08006d4c       0x2c CMakeFiles/31_05_2024.dir/Libraries/stm32-epd4in2b-master/epd4in2b.c.obj
                0x08006d4c                Epd_SendCommand
 .text.Epd_SendData
                0x08006d78       0x2c CMakeFiles/31_05_2024.dir/Libraries/stm32-epd4in2b-master/epd4in2b.c.obj
                0x08006d78                Epd_SendData
 .text.Epd_SendData_DMA
                0x08006da4       0x48 CMakeFiles/31_05_2024.dir/Libraries/stm32-epd4in2b-master/epd4in2b.c.obj
                0x08006da4                Epd_SendData_DMA
 .text.Epd_ReadBusy
                0x08006dec       0x30 CMakeFiles/31_05_2024.dir/Libraries/stm32-epd4in2b-master/epd4in2b.c.obj
                0x08006dec                Epd_ReadBusy
 .text.Epd_Reset
                0x08006e1c       0x52 CMakeFiles/31_05_2024.dir/Libraries/stm32-epd4in2b-master/epd4in2b.c.obj
                0x08006e1c                Epd_Reset
 .text.Epd_TurnOnDisplay
                0x08006e6e       0x2e CMakeFiles/31_05_2024.dir/Libraries/stm32-epd4in2b-master/epd4in2b.c.obj
                0x08006e6e                Epd_TurnOnDisplay
 .text.Epd_Clear
                0x08006e9c      0x146 CMakeFiles/31_05_2024.dir/Libraries/stm32-epd4in2b-master/epd4in2b.c.obj
                0x08006e9c                Epd_Clear
 .text.Epd_TurnOnDisplay_Partial
                0x08006fe2       0x2e CMakeFiles/31_05_2024.dir/Libraries/stm32-epd4in2b-master/epd4in2b.c.obj
                0x08006fe2                Epd_TurnOnDisplay_Partial
 .text.Epd_DisplayFull
                0x08007010       0xd0 CMakeFiles/31_05_2024.dir/Libraries/stm32-epd4in2b-master/epd4in2b.c.obj
                0x08007010                Epd_DisplayFull
 .text.Epd_Display_Partial_DMA
                0x080070e0      0x1dc CMakeFiles/31_05_2024.dir/Libraries/stm32-epd4in2b-master/epd4in2b.c.obj
                0x080070e0                Epd_Display_Partial_DMA
 .text.Paint_Init
                0x080072bc       0x56 CMakeFiles/31_05_2024.dir/Libraries/stm32-epd4in2b-master/epdpaint.c.obj
                0x080072bc                Paint_Init
 .text.Paint_Clear
                0x08007312       0x4c CMakeFiles/31_05_2024.dir/Libraries/stm32-epd4in2b-master/epdpaint.c.obj
                0x08007312                Paint_Clear
 .text.Paint_DrawPixel
                0x0800735e      0x130 CMakeFiles/31_05_2024.dir/Libraries/stm32-epd4in2b-master/epdpaint.c.obj
                0x0800735e                Paint_DrawPixel
 .text.Paint_DrawCharAt
                0x0800748e       0xcc CMakeFiles/31_05_2024.dir/Libraries/stm32-epd4in2b-master/epdpaint.c.obj
                0x0800748e                Paint_DrawCharAt
 .text.Paint_DrawStringAt
                0x0800755a       0x54 CMakeFiles/31_05_2024.dir/Libraries/stm32-epd4in2b-master/epdpaint.c.obj
                0x0800755a                Paint_DrawStringAt
 .text.Paint_DrawHorizontalLine
                0x080075ae       0x3c CMakeFiles/31_05_2024.dir/Libraries/stm32-epd4in2b-master/epdpaint.c.obj
                0x080075ae                Paint_DrawHorizontalLine
 .text.Paint_DrawVerticalLine
                0x080075ea       0x3c CMakeFiles/31_05_2024.dir/Libraries/stm32-epd4in2b-master/epdpaint.c.obj
                0x080075ea                Paint_DrawVerticalLine
 .text.Paint_DrawRectangle
                0x08007626       0xa6 CMakeFiles/31_05_2024.dir/Libraries/stm32-epd4in2b-master/epdpaint.c.obj
                0x08007626                Paint_DrawRectangle
 .text.Paint_DrawFilledRectangle
                0x080076cc       0x74 CMakeFiles/31_05_2024.dir/Libraries/stm32-epd4in2b-master/epdpaint.c.obj
                0x080076cc                Paint_DrawFilledRectangle
 .text.Paint_DrawLine
                0x08007740       0xb6 CMakeFiles/31_05_2024.dir/Libraries/stm32-epd4in2b-master/epdpaint.c.obj
                0x08007740                Paint_DrawLine
 .text.Paint_GetImage
                0x080077f6       0x18 CMakeFiles/31_05_2024.dir/Libraries/stm32-epd4in2b-master/epdpaint.c.obj
                0x080077f6                Paint_GetImage
 *fill*         0x0800780e        0x2 
 .text.DrawBattery
                0x08007810       0xec CMakeFiles/31_05_2024.dir/Libraries/stm32-epd4in2b-master/epdpaint.c.obj
                0x08007810                DrawBattery
 .text.Paint_DrawBitmap
                0x080078fc       0xbe CMakeFiles/31_05_2024.dir/Libraries/stm32-epd4in2b-master/epdpaint.c.obj
                0x080078fc                Paint_DrawBitmap
 .text.Paint_DrawStringAtCenter
                0x080079ba       0x52 CMakeFiles/31_05_2024.dir/Libraries/stm32-epd4in2b-master/epdpaint.c.obj
                0x080079ba                Paint_DrawStringAtCenter
 .text.Paint_DrawLineWithThickness
                0x08007a0c      0x10e CMakeFiles/31_05_2024.dir/Libraries/stm32-epd4in2b-master/epdpaint.c.obj
                0x08007a0c                Paint_DrawLineWithThickness
 .text.Paint_DrawRing
                0x08007b1a       0x8c CMakeFiles/31_05_2024.dir/Libraries/stm32-epd4in2b-master/epdpaint.c.obj
                0x08007b1a                Paint_DrawRing
 .text.Paint_Universal_Ring
                0x08007ba6      0x29c CMakeFiles/31_05_2024.dir/Libraries/stm32-epd4in2b-master/epdpaint.c.obj
                0x08007ba6                Paint_Universal_Ring
 .text.Paint_DrawStringWithOutline
                0x08007e42       0xfa CMakeFiles/31_05_2024.dir/Libraries/stm32-epd4in2b-master/epdpaint.c.obj
                0x08007e42                Paint_DrawStringWithOutline
 .text.ShowMenu1
                0x08007f3c       0x90 CMakeFiles/31_05_2024.dir/Core/Src/user_interface.c.obj
                0x08007f3c                ShowMenu1
 .text.ShowMenu2
                0x08007fcc       0x20 CMakeFiles/31_05_2024.dir/Core/Src/user_interface.c.obj
                0x08007fcc                ShowMenu2
 .text.ShowMenu3
                0x08007fec      0x34c CMakeFiles/31_05_2024.dir/Core/Src/user_interface.c.obj
                0x08007fec                ShowMenu3
 .text.EditMenu3Setting
                0x08008338       0x18 CMakeFiles/31_05_2024.dir/Core/Src/user_interface.c.obj
                0x08008338                EditMenu3Setting
 .text.EditHourSetting
                0x08008350      0x2b0 CMakeFiles/31_05_2024.dir/Core/Src/user_interface.c.obj
                0x08008350                EditHourSetting
 .text.EditMinuteSetting
                0x08008600      0x2b4 CMakeFiles/31_05_2024.dir/Core/Src/user_interface.c.obj
                0x08008600                EditMinuteSetting
 .text.EditDaySetting
                0x080088b4      0x354 CMakeFiles/31_05_2024.dir/Core/Src/user_interface.c.obj
                0x080088b4                EditDaySetting
 .text.EditMonthSetting
                0x08008c08      0x2b8 CMakeFiles/31_05_2024.dir/Core/Src/user_interface.c.obj
                0x08008c08                EditMonthSetting
 .text.EditYearSetting
                0x08008ec0      0x2bc CMakeFiles/31_05_2024.dir/Core/Src/user_interface.c.obj
                0x08008ec0                EditYearSetting
 .text.ShowMenu4
                0x0800917c       0x60 CMakeFiles/31_05_2024.dir/Core/Src/user_interface.c.obj
                0x0800917c                ShowMenu4
 .text.ShowMenu5
                0x080091dc       0x60 CMakeFiles/31_05_2024.dir/Core/Src/user_interface.c.obj
                0x080091dc                ShowMenu5
 .text.ShowMenu6
                0x0800923c       0x60 CMakeFiles/31_05_2024.dir/Core/Src/user_interface.c.obj
                0x0800923c                ShowMenu6
 .text.ShowMenu7
                0x0800929c       0x60 CMakeFiles/31_05_2024.dir/Core/Src/user_interface.c.obj
                0x0800929c                ShowMenu7
 .text.ShowMenu8
                0x080092fc       0x60 CMakeFiles/31_05_2024.dir/Core/Src/user_interface.c.obj
                0x080092fc                ShowMenu8
 .text.DisplayTopSection
                0x0800935c      0x108 CMakeFiles/31_05_2024.dir/Core/Src/user_interface.c.obj
                0x0800935c                DisplayTopSection
 .text.getMonthStr
                0x08009464       0xbc CMakeFiles/31_05_2024.dir/Core/Src/user_interface.c.obj
                0x08009464                getMonthStr
 .text.DisplayBottomSection
                0x08009520      0x1ac CMakeFiles/31_05_2024.dir/Core/Src/user_interface.c.obj
                0x08009520                DisplayBottomSection
 .text.getIconIndex
                0x080096cc       0x8c CMakeFiles/31_05_2024.dir/Core/Src/user_interface.c.obj
                0x080096cc                getIconIndex
 .text.__io_putchar
                0x08009758       0x40 CMakeFiles/31_05_2024.dir/Core/Src/main.c.obj
                0x08009758                __io_putchar
 .text.CheckAndRestoreCS2
                0x08009798       0x86 CMakeFiles/31_05_2024.dir/Core/Src/main.c.obj
                0x08009798                CheckAndRestoreCS2
 *fill*         0x0800981e        0x2 
 .text.process_SD_card
                0x08009820      0x324 CMakeFiles/31_05_2024.dir/Core/Src/main.c.obj
                0x08009820                process_SD_card
 .text.read_adc_values
                0x08009b44       0xec CMakeFiles/31_05_2024.dir/Core/Src/main.c.obj
                0x08009b44                read_adc_values
 .text.calculate_co_ppm
                0x08009c30      0x134 CMakeFiles/31_05_2024.dir/Core/Src/main.c.obj
                0x08009c30                calculate_co_ppm
 *fill*         0x08009d64        0x4 
 .text.calculate_hcho_ppm
                0x08009d68      0x174 CMakeFiles/31_05_2024.dir/Core/Src/main.c.obj
                0x08009d68                calculate_hcho_ppm
 .text.get_co_ppm
                0x08009edc      0x134 CMakeFiles/31_05_2024.dir/Core/Src/main.c.obj
                0x08009edc                get_co_ppm
 .text.get_hcho_ppm
                0x0800a010      0x174 CMakeFiles/31_05_2024.dir/Core/Src/main.c.obj
                0x0800a010                get_hcho_ppm
 .text.user_delay_ms
                0x0800a184       0x16 CMakeFiles/31_05_2024.dir/Core/Src/main.c.obj
                0x0800a184                user_delay_ms
 *fill*         0x0800a19a        0x2 
 .text.print_sensor_data_bme280
                0x0800a19c      0x228 CMakeFiles/31_05_2024.dir/Core/Src/main.c.obj
                0x0800a19c                print_sensor_data_bme280
 .text.init_ens160
                0x0800a3c4       0x60 CMakeFiles/31_05_2024.dir/Core/Src/main.c.obj
                0x0800a3c4                init_ens160
 .text.user_i2c_read
                0x0800a424       0x90 CMakeFiles/31_05_2024.dir/Core/Src/main.c.obj
                0x0800a424                user_i2c_read
 .text.user_i2c_write
                0x0800a4b4       0x90 CMakeFiles/31_05_2024.dir/Core/Src/main.c.obj
                0x0800a4b4                user_i2c_write
 .text.process_co_measurement
                0x0800a544       0x5c CMakeFiles/31_05_2024.dir/Core/Src/main.c.obj
                0x0800a544                process_co_measurement
 .text.process_hcho_measurement
                0x0800a5a0       0x64 CMakeFiles/31_05_2024.dir/Core/Src/main.c.obj
                0x0800a5a0                process_hcho_measurement
 .text.main     0x0800a604      0xf40 CMakeFiles/31_05_2024.dir/Core/Src/main.c.obj
                0x0800a604                main
 .text.SystemClock_Config
                0x0800b544       0xc4 CMakeFiles/31_05_2024.dir/Core/Src/main.c.obj
                0x0800b544                SystemClock_Config
 .text.MX_ADC1_Init
                0x0800b608      0x10c CMakeFiles/31_05_2024.dir/Core/Src/main.c.obj
 .text.MX_I2C1_Init
                0x0800b714       0x80 CMakeFiles/31_05_2024.dir/Core/Src/main.c.obj
 .text.MX_RTC_Init
                0x0800b794       0xb8 CMakeFiles/31_05_2024.dir/Core/Src/main.c.obj
 .text.MX_SPI1_Init
                0x0800b84c       0x7c CMakeFiles/31_05_2024.dir/Core/Src/main.c.obj
 .text.MX_TIM2_Init
                0x0800b8c8       0xa8 CMakeFiles/31_05_2024.dir/Core/Src/main.c.obj
 .text.MX_TIM3_Init
                0x0800b970       0x9c CMakeFiles/31_05_2024.dir/Core/Src/main.c.obj
 .text.MX_USART2_UART_Init
                0x0800ba0c       0x60 CMakeFiles/31_05_2024.dir/Core/Src/main.c.obj
 .text.MX_DMA_Init
                0x0800ba6c       0x4c CMakeFiles/31_05_2024.dir/Core/Src/main.c.obj
 .text.MX_GPIO_Init
                0x0800bab8      0x110 CMakeFiles/31_05_2024.dir/Core/Src/main.c.obj
 .text.HAL_GPIO_EXTI_Callback
                0x0800bbc8       0xd8 CMakeFiles/31_05_2024.dir/Core/Src/main.c.obj
                0x0800bbc8                HAL_GPIO_EXTI_Callback
 .text.HAL_TIM_PeriodElapsedCallback
                0x0800bca0       0x34 CMakeFiles/31_05_2024.dir/Core/Src/main.c.obj
                0x0800bca0                HAL_TIM_PeriodElapsedCallback
 .text.Error_Handler
                0x0800bcd4        0xe CMakeFiles/31_05_2024.dir/Core/Src/main.c.obj
                0x0800bcd4                Error_Handler
 .text.NMI_Handler
                0x0800bce2        0x8 CMakeFiles/31_05_2024.dir/Core/Src/stm32l4xx_it.c.obj
                0x0800bce2                NMI_Handler
 .text.HardFault_Handler
                0x0800bcea        0x8 CMakeFiles/31_05_2024.dir/Core/Src/stm32l4xx_it.c.obj
                0x0800bcea                HardFault_Handler
 .text.MemManage_Handler
                0x0800bcf2        0x8 CMakeFiles/31_05_2024.dir/Core/Src/stm32l4xx_it.c.obj
                0x0800bcf2                MemManage_Handler
 .text.BusFault_Handler
                0x0800bcfa        0x8 CMakeFiles/31_05_2024.dir/Core/Src/stm32l4xx_it.c.obj
                0x0800bcfa                BusFault_Handler
 .text.UsageFault_Handler
                0x0800bd02        0x8 CMakeFiles/31_05_2024.dir/Core/Src/stm32l4xx_it.c.obj
                0x0800bd02                UsageFault_Handler
 .text.SVC_Handler
                0x0800bd0a        0xe CMakeFiles/31_05_2024.dir/Core/Src/stm32l4xx_it.c.obj
                0x0800bd0a                SVC_Handler
 .text.DebugMon_Handler
                0x0800bd18        0xe CMakeFiles/31_05_2024.dir/Core/Src/stm32l4xx_it.c.obj
                0x0800bd18                DebugMon_Handler
 .text.PendSV_Handler
                0x0800bd26        0xe CMakeFiles/31_05_2024.dir/Core/Src/stm32l4xx_it.c.obj
                0x0800bd26                PendSV_Handler
 .text.SysTick_Handler
                0x0800bd34       0x3c CMakeFiles/31_05_2024.dir/Core/Src/stm32l4xx_it.c.obj
                0x0800bd34                SysTick_Handler
 .text.DMA1_Channel2_IRQHandler
                0x0800bd70       0x14 CMakeFiles/31_05_2024.dir/Core/Src/stm32l4xx_it.c.obj
                0x0800bd70                DMA1_Channel2_IRQHandler
 .text.DMA1_Channel3_IRQHandler
                0x0800bd84       0x14 CMakeFiles/31_05_2024.dir/Core/Src/stm32l4xx_it.c.obj
                0x0800bd84                DMA1_Channel3_IRQHandler
 .text.TIM2_IRQHandler
                0x0800bd98       0x14 CMakeFiles/31_05_2024.dir/Core/Src/stm32l4xx_it.c.obj
                0x0800bd98                TIM2_IRQHandler
 .text.TIM3_IRQHandler
                0x0800bdac       0x14 CMakeFiles/31_05_2024.dir/Core/Src/stm32l4xx_it.c.obj
                0x0800bdac                TIM3_IRQHandler
 .text.SPI1_IRQHandler
                0x0800bdc0       0x14 CMakeFiles/31_05_2024.dir/Core/Src/stm32l4xx_it.c.obj
                0x0800bdc0                SPI1_IRQHandler
 .text.EXTI15_10_IRQHandler
                0x0800bdd4       0x10 CMakeFiles/31_05_2024.dir/Core/Src/stm32l4xx_it.c.obj
                0x0800bdd4                EXTI15_10_IRQHandler
 .text.HAL_MspInit
                0x0800bde4       0x48 CMakeFiles/31_05_2024.dir/Core/Src/stm32l4xx_hal_msp.c.obj
                0x0800bde4                HAL_MspInit
 .text.HAL_ADC_MspInit
                0x0800be2c       0xd4 CMakeFiles/31_05_2024.dir/Core/Src/stm32l4xx_hal_msp.c.obj
                0x0800be2c                HAL_ADC_MspInit
 .text.HAL_I2C_MspInit
                0x0800bf00       0xbc CMakeFiles/31_05_2024.dir/Core/Src/stm32l4xx_hal_msp.c.obj
                0x0800bf00                HAL_I2C_MspInit
 .text.HAL_RTC_MspInit
                0x0800bfbc       0x64 CMakeFiles/31_05_2024.dir/Core/Src/stm32l4xx_hal_msp.c.obj
                0x0800bfbc                HAL_RTC_MspInit
 .text.HAL_SPI_MspInit
                0x0800c020      0x150 CMakeFiles/31_05_2024.dir/Core/Src/stm32l4xx_hal_msp.c.obj
                0x0800c020                HAL_SPI_MspInit
 .text.HAL_TIM_Encoder_MspInit
                0x0800c170       0xd0 CMakeFiles/31_05_2024.dir/Core/Src/stm32l4xx_hal_msp.c.obj
                0x0800c170                HAL_TIM_Encoder_MspInit
 .text.HAL_TIM_Base_MspInit
                0x0800c240       0x4c CMakeFiles/31_05_2024.dir/Core/Src/stm32l4xx_hal_msp.c.obj
                0x0800c240                HAL_TIM_Base_MspInit
 .text.HAL_UART_MspInit
                0x0800c28c       0xb8 CMakeFiles/31_05_2024.dir/Core/Src/stm32l4xx_hal_msp.c.obj
                0x0800c28c                HAL_UART_MspInit
 .text.SELECT   0x0800c344       0x1c CMakeFiles/31_05_2024.dir/Core/Src/fatfs_sd_card.c.obj
 .text.DESELECT
                0x0800c360       0x1c CMakeFiles/31_05_2024.dir/Core/Src/fatfs_sd_card.c.obj
 .text.SPI_TxByte
                0x0800c37c       0x34 CMakeFiles/31_05_2024.dir/Core/Src/fatfs_sd_card.c.obj
 .text.SPI_TxBuffer
                0x0800c3b0       0x34 CMakeFiles/31_05_2024.dir/Core/Src/fatfs_sd_card.c.obj
 .text.SPI_RxByte
                0x0800c3e4       0x38 CMakeFiles/31_05_2024.dir/Core/Src/fatfs_sd_card.c.obj
 .text.SPI_RxBytePtr
                0x0800c41c       0x1c CMakeFiles/31_05_2024.dir/Core/Src/fatfs_sd_card.c.obj
 .text.SD_ReadyWait
                0x0800c438       0x34 CMakeFiles/31_05_2024.dir/Core/Src/fatfs_sd_card.c.obj
 .text.SD_PowerOn
                0x0800c46c       0x84 CMakeFiles/31_05_2024.dir/Core/Src/fatfs_sd_card.c.obj
 .text.SD_PowerOff
                0x0800c4f0       0x18 CMakeFiles/31_05_2024.dir/Core/Src/fatfs_sd_card.c.obj
 .text.SD_CheckPower
                0x0800c508       0x18 CMakeFiles/31_05_2024.dir/Core/Src/fatfs_sd_card.c.obj
 .text.SD_RxDataBlock
                0x0800c520       0x5c CMakeFiles/31_05_2024.dir/Core/Src/fatfs_sd_card.c.obj
 .text.SD_TxDataBlock
                0x0800c57c       0x86 CMakeFiles/31_05_2024.dir/Core/Src/fatfs_sd_card.c.obj
 .text.SD_SendCmd
                0x0800c602       0xa8 CMakeFiles/31_05_2024.dir/Core/Src/fatfs_sd_card.c.obj
 *fill*         0x0800c6aa        0x2 
 .text.SD_disk_initialize
                0x0800c6ac      0x1cc CMakeFiles/31_05_2024.dir/Core/Src/fatfs_sd_card.c.obj
                0x0800c6ac                SD_disk_initialize
 .text.SD_disk_status
                0x0800c878       0x2c CMakeFiles/31_05_2024.dir/Core/Src/fatfs_sd_card.c.obj
                0x0800c878                SD_disk_status
 .text.SD_disk_read
                0x0800c8a4       0xd4 CMakeFiles/31_05_2024.dir/Core/Src/fatfs_sd_card.c.obj
                0x0800c8a4                SD_disk_read
 .text.SD_disk_write
                0x0800c978      0x108 CMakeFiles/31_05_2024.dir/Core/Src/fatfs_sd_card.c.obj
                0x0800c978                SD_disk_write
 .text.SD_disk_ioctl
                0x0800ca80      0x254 CMakeFiles/31_05_2024.dir/Core/Src/fatfs_sd_card.c.obj
                0x0800ca80                SD_disk_ioctl
 .text.USER_initialize
                0x0800ccd4       0x1c CMakeFiles/31_05_2024.dir/FATFS/Target/user_diskio.c.obj
                0x0800ccd4                USER_initialize
 .text.USER_status
                0x0800ccf0       0x1c CMakeFiles/31_05_2024.dir/FATFS/Target/user_diskio.c.obj
                0x0800ccf0                USER_status
 .text.USER_read
                0x0800cd0c       0x26 CMakeFiles/31_05_2024.dir/FATFS/Target/user_diskio.c.obj
                0x0800cd0c                USER_read
 .text.USER_write
                0x0800cd32       0x26 CMakeFiles/31_05_2024.dir/FATFS/Target/user_diskio.c.obj
                0x0800cd32                USER_write
 .text.USER_ioctl
                0x0800cd58       0x26 CMakeFiles/31_05_2024.dir/FATFS/Target/user_diskio.c.obj
                0x0800cd58                USER_ioctl
 *fill*         0x0800cd7e        0x2 
 .text.MX_FATFS_Init
                0x0800cd80       0x24 CMakeFiles/31_05_2024.dir/FATFS/App/fatfs.c.obj
                0x0800cd80                MX_FATFS_Init
 .text.get_fattime
                0x0800cda4       0x10 CMakeFiles/31_05_2024.dir/FATFS/App/fatfs.c.obj
                0x0800cda4                get_fattime
 .text.LL_ADC_SetCommonClock
                0x0800cdb4       0x26 CMakeFiles/31_05_2024.dir/Drivers/STM32L4xx_HAL_Driver/Src/stm32l4xx_hal_adc.c.obj
 .text.LL_ADC_SetCommonPathInternalCh
                0x0800cdda       0x26 CMakeFiles/31_05_2024.dir/Drivers/STM32L4xx_HAL_Driver/Src/stm32l4xx_hal_adc.c.obj
 .text.LL_ADC_GetCommonPathInternalCh
                0x0800ce00       0x1c CMakeFiles/31_05_2024.dir/Drivers/STM32L4xx_HAL_Driver/Src/stm32l4xx_hal_adc.c.obj
 .text.LL_ADC_SetOffset
                0x0800ce1c       0x48 CMakeFiles/31_05_2024.dir/Drivers/STM32L4xx_HAL_Driver/Src/stm32l4xx_hal_adc.c.obj
 .text.LL_ADC_GetOffsetChannel
                0x0800ce64       0x2c CMakeFiles/31_05_2024.dir/Drivers/STM32L4xx_HAL_Driver/Src/stm32l4xx_hal_adc.c.obj
 .text.LL_ADC_SetOffsetState
                0x0800ce90       0x36 CMakeFiles/31_05_2024.dir/Drivers/STM32L4xx_HAL_Driver/Src/stm32l4xx_hal_adc.c.obj
 .text.LL_ADC_REG_IsTriggerSourceSWStart
                0x0800cec6       0x26 CMakeFiles/31_05_2024.dir/Drivers/STM32L4xx_HAL_Driver/Src/stm32l4xx_hal_adc.c.obj
 .text.LL_ADC_REG_SetSequencerRanks
                0x0800ceec       0x58 CMakeFiles/31_05_2024.dir/Drivers/STM32L4xx_HAL_Driver/Src/stm32l4xx_hal_adc.c.obj
 .text.LL_ADC_SetChannelSamplingTime
                0x0800cf44       0x56 CMakeFiles/31_05_2024.dir/Drivers/STM32L4xx_HAL_Driver/Src/stm32l4xx_hal_adc.c.obj
 *fill*         0x0800cf9a        0x2 
 .text.LL_ADC_SetChannelSingleDiff
                0x0800cf9c       0x48 CMakeFiles/31_05_2024.dir/Drivers/STM32L4xx_HAL_Driver/Src/stm32l4xx_hal_adc.c.obj
 .text.LL_ADC_GetMultimode
                0x0800cfe4       0x1c CMakeFiles/31_05_2024.dir/Drivers/STM32L4xx_HAL_Driver/Src/stm32l4xx_hal_adc.c.obj
 .text.LL_ADC_GetMultiDMATransfer
                0x0800d000       0x1c CMakeFiles/31_05_2024.dir/Drivers/STM32L4xx_HAL_Driver/Src/stm32l4xx_hal_adc.c.obj
 .text.LL_ADC_DisableDeepPowerDown
                0x0800d01c       0x24 CMakeFiles/31_05_2024.dir/Drivers/STM32L4xx_HAL_Driver/Src/stm32l4xx_hal_adc.c.obj
 .text.LL_ADC_IsDeepPowerDownEnabled
                0x0800d040       0x28 CMakeFiles/31_05_2024.dir/Drivers/STM32L4xx_HAL_Driver/Src/stm32l4xx_hal_adc.c.obj
 .text.LL_ADC_EnableInternalRegulator
                0x0800d068       0x28 CMakeFiles/31_05_2024.dir/Drivers/STM32L4xx_HAL_Driver/Src/stm32l4xx_hal_adc.c.obj
 .text.LL_ADC_IsInternalRegulatorEnabled
                0x0800d090       0x28 CMakeFiles/31_05_2024.dir/Drivers/STM32L4xx_HAL_Driver/Src/stm32l4xx_hal_adc.c.obj
 .text.LL_ADC_Enable
                0x0800d0b8       0x28 CMakeFiles/31_05_2024.dir/Drivers/STM32L4xx_HAL_Driver/Src/stm32l4xx_hal_adc.c.obj
 .text.LL_ADC_IsEnabled
                0x0800d0e0       0x26 CMakeFiles/31_05_2024.dir/Drivers/STM32L4xx_HAL_Driver/Src/stm32l4xx_hal_adc.c.obj
 .text.LL_ADC_REG_StartConversion
                0x0800d106       0x28 CMakeFiles/31_05_2024.dir/Drivers/STM32L4xx_HAL_Driver/Src/stm32l4xx_hal_adc.c.obj
 .text.LL_ADC_REG_IsConversionOngoing
                0x0800d12e       0x26 CMakeFiles/31_05_2024.dir/Drivers/STM32L4xx_HAL_Driver/Src/stm32l4xx_hal_adc.c.obj
 .text.LL_ADC_INJ_IsConversionOngoing
                0x0800d154       0x26 CMakeFiles/31_05_2024.dir/Drivers/STM32L4xx_HAL_Driver/Src/stm32l4xx_hal_adc.c.obj
 *fill*         0x0800d17a        0x2 
 .text.HAL_ADC_Init
                0x0800d17c      0x2a0 CMakeFiles/31_05_2024.dir/Drivers/STM32L4xx_HAL_Driver/Src/stm32l4xx_hal_adc.c.obj
                0x0800d17c                HAL_ADC_Init
 .text.HAL_ADC_Start
                0x0800d41c      0x174 CMakeFiles/31_05_2024.dir/Drivers/STM32L4xx_HAL_Driver/Src/stm32l4xx_hal_adc.c.obj
                0x0800d41c                HAL_ADC_Start
 .text.HAL_ADC_PollForConversion
                0x0800d590      0x1b0 CMakeFiles/31_05_2024.dir/Drivers/STM32L4xx_HAL_Driver/Src/stm32l4xx_hal_adc.c.obj
                0x0800d590                HAL_ADC_PollForConversion
 .text.HAL_ADC_GetValue
                0x0800d740       0x1a CMakeFiles/31_05_2024.dir/Drivers/STM32L4xx_HAL_Driver/Src/stm32l4xx_hal_adc.c.obj
                0x0800d740                HAL_ADC_GetValue
 *fill*         0x0800d75a        0x2 
 .text.HAL_ADC_ConfigChannel
                0x0800d75c      0x7e4 CMakeFiles/31_05_2024.dir/Drivers/STM32L4xx_HAL_Driver/Src/stm32l4xx_hal_adc.c.obj
                0x0800d75c                HAL_ADC_ConfigChannel
 .text.ADC_Enable
                0x0800df40      0x10c CMakeFiles/31_05_2024.dir/Drivers/STM32L4xx_HAL_Driver/Src/stm32l4xx_hal_adc.c.obj
                0x0800df40                ADC_Enable
 .text.LL_ADC_IsEnabled
                0x0800e04c       0x26 CMakeFiles/31_05_2024.dir/Drivers/STM32L4xx_HAL_Driver/Src/stm32l4xx_hal_adc_ex.c.obj
 .text.LL_ADC_REG_IsConversionOngoing
                0x0800e072       0x26 CMakeFiles/31_05_2024.dir/Drivers/STM32L4xx_HAL_Driver/Src/stm32l4xx_hal_adc_ex.c.obj
 .text.HAL_ADCEx_MultiModeConfigChannel
                0x0800e098      0x160 CMakeFiles/31_05_2024.dir/Drivers/STM32L4xx_HAL_Driver/Src/stm32l4xx_hal_adc_ex.c.obj
                0x0800e098                HAL_ADCEx_MultiModeConfigChannel
 .text.HAL_Init
                0x0800e1f8       0x30 CMakeFiles/31_05_2024.dir/Drivers/STM32L4xx_HAL_Driver/Src/stm32l4xx_hal.c.obj
                0x0800e1f8                HAL_Init
 .text.HAL_InitTick
                0x0800e228       0x78 CMakeFiles/31_05_2024.dir/Drivers/STM32L4xx_HAL_Driver/Src/stm32l4xx_hal.c.obj
                0x0800e228                HAL_InitTick
 .text.HAL_IncTick
                0x0800e2a0       0x28 CMakeFiles/31_05_2024.dir/Drivers/STM32L4xx_HAL_Driver/Src/stm32l4xx_hal.c.obj
                0x0800e2a0                HAL_IncTick
 .text.HAL_GetTick
                0x0800e2c8       0x18 CMakeFiles/31_05_2024.dir/Drivers/STM32L4xx_HAL_Driver/Src/stm32l4xx_hal.c.obj
                0x0800e2c8                HAL_GetTick
 .text.HAL_Delay
                0x0800e2e0       0x48 CMakeFiles/31_05_2024.dir/Drivers/STM32L4xx_HAL_Driver/Src/stm32l4xx_hal.c.obj
                0x0800e2e0                HAL_Delay
 .text.HAL_RCC_OscConfig
                0x0800e328      0x7b8 CMakeFiles/31_05_2024.dir/Drivers/STM32L4xx_HAL_Driver/Src/stm32l4xx_hal_rcc.c.obj
                0x0800e328                HAL_RCC_OscConfig
 .text.HAL_RCC_ClockConfig
                0x0800eae0      0x200 CMakeFiles/31_05_2024.dir/Drivers/STM32L4xx_HAL_Driver/Src/stm32l4xx_hal_rcc.c.obj
                0x0800eae0                HAL_RCC_ClockConfig
 .text.HAL_RCC_GetSysClockFreq
                0x0800ece0      0x118 CMakeFiles/31_05_2024.dir/Drivers/STM32L4xx_HAL_Driver/Src/stm32l4xx_hal_rcc.c.obj
                0x0800ece0                HAL_RCC_GetSysClockFreq
 .text.HAL_RCC_GetHCLKFreq
                0x0800edf8       0x18 CMakeFiles/31_05_2024.dir/Drivers/STM32L4xx_HAL_Driver/Src/stm32l4xx_hal_rcc.c.obj
                0x0800edf8                HAL_RCC_GetHCLKFreq
 .text.HAL_RCC_GetPCLK1Freq
                0x0800ee10       0x2c CMakeFiles/31_05_2024.dir/Drivers/STM32L4xx_HAL_Driver/Src/stm32l4xx_hal_rcc.c.obj
                0x0800ee10                HAL_RCC_GetPCLK1Freq
 .text.HAL_RCC_GetPCLK2Freq
                0x0800ee3c       0x2c CMakeFiles/31_05_2024.dir/Drivers/STM32L4xx_HAL_Driver/Src/stm32l4xx_hal_rcc.c.obj
                0x0800ee3c                HAL_RCC_GetPCLK2Freq
 .text.RCC_SetFlashLatencyFromMSIRange
                0x0800ee68       0xc0 CMakeFiles/31_05_2024.dir/Drivers/STM32L4xx_HAL_Driver/Src/stm32l4xx_hal_rcc.c.obj
 .text.HAL_RCCEx_PeriphCLKConfig
                0x0800ef28      0x5d4 CMakeFiles/31_05_2024.dir/Drivers/STM32L4xx_HAL_Driver/Src/stm32l4xx_hal_rcc_ex.c.obj
                0x0800ef28                HAL_RCCEx_PeriphCLKConfig
 .text.HAL_RCCEx_EnableMSIPLLMode
                0x0800f4fc       0x20 CMakeFiles/31_05_2024.dir/Drivers/STM32L4xx_HAL_Driver/Src/stm32l4xx_hal_rcc_ex.c.obj
                0x0800f4fc                HAL_RCCEx_EnableMSIPLLMode
 .text.RCCEx_PLLSAI1_Config
                0x0800f51c      0x1e8 CMakeFiles/31_05_2024.dir/Drivers/STM32L4xx_HAL_Driver/Src/stm32l4xx_hal_rcc_ex.c.obj
 .text.RCCEx_PLLSAI2_Config
                0x0800f704      0x1bc CMakeFiles/31_05_2024.dir/Drivers/STM32L4xx_HAL_Driver/Src/stm32l4xx_hal_rcc_ex.c.obj
 .text.HAL_GPIO_Init
                0x0800f8c0      0x354 CMakeFiles/31_05_2024.dir/Drivers/STM32L4xx_HAL_Driver/Src/stm32l4xx_hal_gpio.c.obj
                0x0800f8c0                HAL_GPIO_Init
 .text.HAL_GPIO_ReadPin
                0x0800fc14       0x30 CMakeFiles/31_05_2024.dir/Drivers/STM32L4xx_HAL_Driver/Src/stm32l4xx_hal_gpio.c.obj
                0x0800fc14                HAL_GPIO_ReadPin
 .text.HAL_GPIO_WritePin
                0x0800fc44       0x30 CMakeFiles/31_05_2024.dir/Drivers/STM32L4xx_HAL_Driver/Src/stm32l4xx_hal_gpio.c.obj
                0x0800fc44                HAL_GPIO_WritePin
 .text.HAL_GPIO_EXTI_IRQHandler
                0x0800fc74       0x30 CMakeFiles/31_05_2024.dir/Drivers/STM32L4xx_HAL_Driver/Src/stm32l4xx_hal_gpio.c.obj
                0x0800fc74                HAL_GPIO_EXTI_IRQHandler
 .text.HAL_I2C_Init
                0x0800fca4      0x136 CMakeFiles/31_05_2024.dir/Drivers/STM32L4xx_HAL_Driver/Src/stm32l4xx_hal_i2c.c.obj
                0x0800fca4                HAL_I2C_Init
 *fill*         0x0800fdda        0x2 
 .text.HAL_I2C_Mem_Write
                0x0800fddc      0x228 CMakeFiles/31_05_2024.dir/Drivers/STM32L4xx_HAL_Driver/Src/stm32l4xx_hal_i2c.c.obj
                0x0800fddc                HAL_I2C_Mem_Write
 .text.HAL_I2C_Mem_Read
                0x08010004      0x234 CMakeFiles/31_05_2024.dir/Drivers/STM32L4xx_HAL_Driver/Src/stm32l4xx_hal_i2c.c.obj
                0x08010004                HAL_I2C_Mem_Read
 .text.HAL_I2C_IsDeviceReady
                0x08010238      0x212 CMakeFiles/31_05_2024.dir/Drivers/STM32L4xx_HAL_Driver/Src/stm32l4xx_hal_i2c.c.obj
                0x08010238                HAL_I2C_IsDeviceReady
 *fill*         0x0801044a        0x2 
 .text.I2C_RequestMemoryWrite
                0x0801044c       0xa8 CMakeFiles/31_05_2024.dir/Drivers/STM32L4xx_HAL_Driver/Src/stm32l4xx_hal_i2c.c.obj
 .text.I2C_RequestMemoryRead
                0x080104f4       0xa8 CMakeFiles/31_05_2024.dir/Drivers/STM32L4xx_HAL_Driver/Src/stm32l4xx_hal_i2c.c.obj
 .text.I2C_Flush_TXDR
                0x0801059c       0x48 CMakeFiles/31_05_2024.dir/Drivers/STM32L4xx_HAL_Driver/Src/stm32l4xx_hal_i2c.c.obj
 .text.I2C_WaitOnFlagUntilTimeout
                0x080105e4       0x9e CMakeFiles/31_05_2024.dir/Drivers/STM32L4xx_HAL_Driver/Src/stm32l4xx_hal_i2c.c.obj
 .text.I2C_WaitOnTXISFlagUntilTimeout
                0x08010682       0x8e CMakeFiles/31_05_2024.dir/Drivers/STM32L4xx_HAL_Driver/Src/stm32l4xx_hal_i2c.c.obj
 .text.I2C_WaitOnSTOPFlagUntilTimeout
                0x08010710       0x86 CMakeFiles/31_05_2024.dir/Drivers/STM32L4xx_HAL_Driver/Src/stm32l4xx_hal_i2c.c.obj
 *fill*         0x08010796        0x2 
 .text.I2C_IsErrorOccurred
                0x08010798      0x1c0 CMakeFiles/31_05_2024.dir/Drivers/STM32L4xx_HAL_Driver/Src/stm32l4xx_hal_i2c.c.obj
 .text.I2C_TransferConfig
                0x08010958       0x64 CMakeFiles/31_05_2024.dir/Drivers/STM32L4xx_HAL_Driver/Src/stm32l4xx_hal_i2c.c.obj
 .text.HAL_I2CEx_ConfigAnalogFilter
                0x080109bc       0x96 CMakeFiles/31_05_2024.dir/Drivers/STM32L4xx_HAL_Driver/Src/stm32l4xx_hal_i2c_ex.c.obj
                0x080109bc                HAL_I2CEx_ConfigAnalogFilter
 .text.HAL_I2CEx_ConfigDigitalFilter
                0x08010a52       0x98 CMakeFiles/31_05_2024.dir/Drivers/STM32L4xx_HAL_Driver/Src/stm32l4xx_hal_i2c_ex.c.obj
                0x08010a52                HAL_I2CEx_ConfigDigitalFilter
 *fill*         0x08010aea        0x2 
 .text.HAL_DMA_Init
                0x08010aec      0x170 CMakeFiles/31_05_2024.dir/Drivers/STM32L4xx_HAL_Driver/Src/stm32l4xx_hal_dma.c.obj
                0x08010aec                HAL_DMA_Init
 .text.HAL_DMA_Start_IT
                0x08010c5c       0xc0 CMakeFiles/31_05_2024.dir/Drivers/STM32L4xx_HAL_Driver/Src/stm32l4xx_hal_dma.c.obj
                0x08010c5c                HAL_DMA_Start_IT
 .text.HAL_DMA_Abort_IT
                0x08010d1c       0x82 CMakeFiles/31_05_2024.dir/Drivers/STM32L4xx_HAL_Driver/Src/stm32l4xx_hal_dma.c.obj
                0x08010d1c                HAL_DMA_Abort_IT
 .text.HAL_DMA_IRQHandler
                0x08010d9e      0x15e CMakeFiles/31_05_2024.dir/Drivers/STM32L4xx_HAL_Driver/Src/stm32l4xx_hal_dma.c.obj
                0x08010d9e                HAL_DMA_IRQHandler
 .text.DMA_SetConfig
                0x08010efc       0x60 CMakeFiles/31_05_2024.dir/Drivers/STM32L4xx_HAL_Driver/Src/stm32l4xx_hal_dma.c.obj
 .text.HAL_PWR_EnableBkUpAccess
                0x08010f5c       0x20 CMakeFiles/31_05_2024.dir/Drivers/STM32L4xx_HAL_Driver/Src/stm32l4xx_hal_pwr.c.obj
                0x08010f5c                HAL_PWR_EnableBkUpAccess
 .text.HAL_PWREx_GetVoltageRange
                0x08010f7c       0x1c CMakeFiles/31_05_2024.dir/Drivers/STM32L4xx_HAL_Driver/Src/stm32l4xx_hal_pwr_ex.c.obj
                0x08010f7c                HAL_PWREx_GetVoltageRange
 .text.HAL_PWREx_ControlVoltageScaling
                0x08010f98       0xac CMakeFiles/31_05_2024.dir/Drivers/STM32L4xx_HAL_Driver/Src/stm32l4xx_hal_pwr_ex.c.obj
                0x08010f98                HAL_PWREx_ControlVoltageScaling
 .text.__NVIC_SetPriorityGrouping
                0x08011044       0x48 CMakeFiles/31_05_2024.dir/Drivers/STM32L4xx_HAL_Driver/Src/stm32l4xx_hal_cortex.c.obj
 .text.__NVIC_GetPriorityGrouping
                0x0801108c       0x1c CMakeFiles/31_05_2024.dir/Drivers/STM32L4xx_HAL_Driver/Src/stm32l4xx_hal_cortex.c.obj
 .text.__NVIC_EnableIRQ
                0x080110a8       0x3c CMakeFiles/31_05_2024.dir/Drivers/STM32L4xx_HAL_Driver/Src/stm32l4xx_hal_cortex.c.obj
 .text.__NVIC_SetPriority
                0x080110e4       0x54 CMakeFiles/31_05_2024.dir/Drivers/STM32L4xx_HAL_Driver/Src/stm32l4xx_hal_cortex.c.obj
 .text.NVIC_EncodePriority
                0x08011138       0x66 CMakeFiles/31_05_2024.dir/Drivers/STM32L4xx_HAL_Driver/Src/stm32l4xx_hal_cortex.c.obj
 *fill*         0x0801119e        0x2 
 .text.SysTick_Config
                0x080111a0       0x44 CMakeFiles/31_05_2024.dir/Drivers/STM32L4xx_HAL_Driver/Src/stm32l4xx_hal_cortex.c.obj
 .text.HAL_NVIC_SetPriorityGrouping
                0x080111e4       0x16 CMakeFiles/31_05_2024.dir/Drivers/STM32L4xx_HAL_Driver/Src/stm32l4xx_hal_cortex.c.obj
                0x080111e4                HAL_NVIC_SetPriorityGrouping
 .text.HAL_NVIC_SetPriority
                0x080111fa       0x38 CMakeFiles/31_05_2024.dir/Drivers/STM32L4xx_HAL_Driver/Src/stm32l4xx_hal_cortex.c.obj
                0x080111fa                HAL_NVIC_SetPriority
 .text.HAL_NVIC_EnableIRQ
                0x08011232       0x1c CMakeFiles/31_05_2024.dir/Drivers/STM32L4xx_HAL_Driver/Src/stm32l4xx_hal_cortex.c.obj
                0x08011232                HAL_NVIC_EnableIRQ
 .text.HAL_SYSTICK_Config
                0x0801124e       0x18 CMakeFiles/31_05_2024.dir/Drivers/STM32L4xx_HAL_Driver/Src/stm32l4xx_hal_cortex.c.obj
                0x0801124e                HAL_SYSTICK_Config
 .text.HAL_RTC_Init
                0x08011266      0x110 CMakeFiles/31_05_2024.dir/Drivers/STM32L4xx_HAL_Driver/Src/stm32l4xx_hal_rtc.c.obj
                0x08011266                HAL_RTC_Init
 .text.HAL_RTC_SetTime
                0x08011376      0x13a CMakeFiles/31_05_2024.dir/Drivers/STM32L4xx_HAL_Driver/Src/stm32l4xx_hal_rtc.c.obj
                0x08011376                HAL_RTC_SetTime
 .text.HAL_RTC_GetTime
                0x080114b0       0xb8 CMakeFiles/31_05_2024.dir/Drivers/STM32L4xx_HAL_Driver/Src/stm32l4xx_hal_rtc.c.obj
                0x080114b0                HAL_RTC_GetTime
 .text.HAL_RTC_SetDate
                0x08011568      0x10e CMakeFiles/31_05_2024.dir/Drivers/STM32L4xx_HAL_Driver/Src/stm32l4xx_hal_rtc.c.obj
                0x08011568                HAL_RTC_SetDate
 .text.HAL_RTC_GetDate
                0x08011676       0x9a CMakeFiles/31_05_2024.dir/Drivers/STM32L4xx_HAL_Driver/Src/stm32l4xx_hal_rtc.c.obj
                0x08011676                HAL_RTC_GetDate
 .text.HAL_RTC_WaitForSynchro
                0x08011710       0x48 CMakeFiles/31_05_2024.dir/Drivers/STM32L4xx_HAL_Driver/Src/stm32l4xx_hal_rtc.c.obj
                0x08011710                HAL_RTC_WaitForSynchro
 .text.RTC_EnterInitMode
                0x08011758       0x66 CMakeFiles/31_05_2024.dir/Drivers/STM32L4xx_HAL_Driver/Src/stm32l4xx_hal_rtc.c.obj
                0x08011758                RTC_EnterInitMode
 *fill*         0x080117be        0x2 
 .text.RTC_ExitInitMode
                0x080117c0       0x7c CMakeFiles/31_05_2024.dir/Drivers/STM32L4xx_HAL_Driver/Src/stm32l4xx_hal_rtc.c.obj
                0x080117c0                RTC_ExitInitMode
 .text.RTC_ByteToBcd2
                0x0801183c       0x40 CMakeFiles/31_05_2024.dir/Drivers/STM32L4xx_HAL_Driver/Src/stm32l4xx_hal_rtc.c.obj
                0x0801183c                RTC_ByteToBcd2
 .text.RTC_Bcd2ToByte
                0x0801187c       0x34 CMakeFiles/31_05_2024.dir/Drivers/STM32L4xx_HAL_Driver/Src/stm32l4xx_hal_rtc.c.obj
                0x0801187c                RTC_Bcd2ToByte
 .text.HAL_SPI_Init
                0x080118b0      0x146 CMakeFiles/31_05_2024.dir/Drivers/STM32L4xx_HAL_Driver/Src/stm32l4xx_hal_spi.c.obj
                0x080118b0                HAL_SPI_Init
 .text.HAL_SPI_Transmit
                0x080119f6      0x2ea CMakeFiles/31_05_2024.dir/Drivers/STM32L4xx_HAL_Driver/Src/stm32l4xx_hal_spi.c.obj
                0x080119f6                HAL_SPI_Transmit
 .text.HAL_SPI_TransmitReceive
                0x08011ce0      0x444 CMakeFiles/31_05_2024.dir/Drivers/STM32L4xx_HAL_Driver/Src/stm32l4xx_hal_spi.c.obj
                0x08011ce0                HAL_SPI_TransmitReceive
 .text.HAL_SPI_Transmit_DMA
                0x08012124      0x1e0 CMakeFiles/31_05_2024.dir/Drivers/STM32L4xx_HAL_Driver/Src/stm32l4xx_hal_spi.c.obj
                0x08012124                HAL_SPI_Transmit_DMA
 .text.HAL_SPI_IRQHandler
                0x08012304      0x1e8 CMakeFiles/31_05_2024.dir/Drivers/STM32L4xx_HAL_Driver/Src/stm32l4xx_hal_spi.c.obj
                0x08012304                HAL_SPI_IRQHandler
 .text.HAL_SPI_TxCpltCallback
                0x080124ec       0x14 CMakeFiles/31_05_2024.dir/Drivers/STM32L4xx_HAL_Driver/Src/stm32l4xx_hal_spi.c.obj
                0x080124ec                HAL_SPI_TxCpltCallback
 .text.HAL_SPI_TxHalfCpltCallback
                0x08012500       0x14 CMakeFiles/31_05_2024.dir/Drivers/STM32L4xx_HAL_Driver/Src/stm32l4xx_hal_spi.c.obj
                0x08012500                HAL_SPI_TxHalfCpltCallback
 .text.HAL_SPI_ErrorCallback
                0x08012514       0x14 CMakeFiles/31_05_2024.dir/Drivers/STM32L4xx_HAL_Driver/Src/stm32l4xx_hal_spi.c.obj
                0x08012514                HAL_SPI_ErrorCallback
 .text.HAL_SPI_GetState
                0x08012528       0x1c CMakeFiles/31_05_2024.dir/Drivers/STM32L4xx_HAL_Driver/Src/stm32l4xx_hal_spi.c.obj
                0x08012528                HAL_SPI_GetState
 .text.SPI_DMATransmitCplt
                0x08012544       0xa6 CMakeFiles/31_05_2024.dir/Drivers/STM32L4xx_HAL_Driver/Src/stm32l4xx_hal_spi.c.obj
 .text.SPI_DMAHalfTransmitCplt
                0x080125ea       0x1c CMakeFiles/31_05_2024.dir/Drivers/STM32L4xx_HAL_Driver/Src/stm32l4xx_hal_spi.c.obj
 .text.SPI_DMAError
                0x08012606       0x40 CMakeFiles/31_05_2024.dir/Drivers/STM32L4xx_HAL_Driver/Src/stm32l4xx_hal_spi.c.obj
 .text.SPI_DMAAbortOnError
                0x08012646       0x2a CMakeFiles/31_05_2024.dir/Drivers/STM32L4xx_HAL_Driver/Src/stm32l4xx_hal_spi.c.obj
 .text.SPI_WaitFlagStateUntilTimeout
                0x08012670      0x110 CMakeFiles/31_05_2024.dir/Drivers/STM32L4xx_HAL_Driver/Src/stm32l4xx_hal_spi.c.obj
 .text.SPI_WaitFifoStateUntilTimeout
                0x08012780      0x12c CMakeFiles/31_05_2024.dir/Drivers/STM32L4xx_HAL_Driver/Src/stm32l4xx_hal_spi.c.obj
 .text.SPI_EndRxTxTransaction
                0x080128ac       0x8c CMakeFiles/31_05_2024.dir/Drivers/STM32L4xx_HAL_Driver/Src/stm32l4xx_hal_spi.c.obj
 .text.HAL_TIM_Base_Init
                0x08012938       0xae CMakeFiles/31_05_2024.dir/Drivers/STM32L4xx_HAL_Driver/Src/stm32l4xx_hal_tim.c.obj
                0x08012938                HAL_TIM_Base_Init
 *fill*         0x080129e6        0x2 
 .text.HAL_TIM_Base_Start_IT
                0x080129e8       0xe0 CMakeFiles/31_05_2024.dir/Drivers/STM32L4xx_HAL_Driver/Src/stm32l4xx_hal_tim.c.obj
                0x080129e8                HAL_TIM_Base_Start_IT
 .text.HAL_TIM_Base_Stop_IT
                0x08012ac8       0x5e CMakeFiles/31_05_2024.dir/Drivers/STM32L4xx_HAL_Driver/Src/stm32l4xx_hal_tim.c.obj
                0x08012ac8                HAL_TIM_Base_Stop_IT
 .text.HAL_TIM_Encoder_Init
                0x08012b26      0x14c CMakeFiles/31_05_2024.dir/Drivers/STM32L4xx_HAL_Driver/Src/stm32l4xx_hal_tim.c.obj
                0x08012b26                HAL_TIM_Encoder_Init
 .text.HAL_TIM_Encoder_Start
                0x08012c72      0x11c CMakeFiles/31_05_2024.dir/Drivers/STM32L4xx_HAL_Driver/Src/stm32l4xx_hal_tim.c.obj
                0x08012c72                HAL_TIM_Encoder_Start
 .text.HAL_TIM_IRQHandler
                0x08012d8e      0x204 CMakeFiles/31_05_2024.dir/Drivers/STM32L4xx_HAL_Driver/Src/stm32l4xx_hal_tim.c.obj
                0x08012d8e                HAL_TIM_IRQHandler
 .text.HAL_TIM_ConfigClockSource
                0x08012f92      0x192 CMakeFiles/31_05_2024.dir/Drivers/STM32L4xx_HAL_Driver/Src/stm32l4xx_hal_tim.c.obj
                0x08012f92                HAL_TIM_ConfigClockSource
 .text.HAL_TIM_OC_DelayElapsedCallback
                0x08013124       0x14 CMakeFiles/31_05_2024.dir/Drivers/STM32L4xx_HAL_Driver/Src/stm32l4xx_hal_tim.c.obj
                0x08013124                HAL_TIM_OC_DelayElapsedCallback
 .text.HAL_TIM_IC_CaptureCallback
                0x08013138       0x14 CMakeFiles/31_05_2024.dir/Drivers/STM32L4xx_HAL_Driver/Src/stm32l4xx_hal_tim.c.obj
                0x08013138                HAL_TIM_IC_CaptureCallback
 .text.HAL_TIM_PWM_PulseFinishedCallback
                0x0801314c       0x14 CMakeFiles/31_05_2024.dir/Drivers/STM32L4xx_HAL_Driver/Src/stm32l4xx_hal_tim.c.obj
                0x0801314c                HAL_TIM_PWM_PulseFinishedCallback
 .text.HAL_TIM_TriggerCallback
                0x08013160       0x14 CMakeFiles/31_05_2024.dir/Drivers/STM32L4xx_HAL_Driver/Src/stm32l4xx_hal_tim.c.obj
                0x08013160                HAL_TIM_TriggerCallback
 .text.TIM_Base_SetConfig
                0x08013174      0x134 CMakeFiles/31_05_2024.dir/Drivers/STM32L4xx_HAL_Driver/Src/stm32l4xx_hal_tim.c.obj
                0x08013174                TIM_Base_SetConfig
 .text.TIM_TI1_ConfigInputStage
                0x080132a8       0x5e CMakeFiles/31_05_2024.dir/Drivers/STM32L4xx_HAL_Driver/Src/stm32l4xx_hal_tim.c.obj
 .text.TIM_TI2_ConfigInputStage
                0x08013306       0x60 CMakeFiles/31_05_2024.dir/Drivers/STM32L4xx_HAL_Driver/Src/stm32l4xx_hal_tim.c.obj
 .text.TIM_ITRx_SetConfig
                0x08013366       0x36 CMakeFiles/31_05_2024.dir/Drivers/STM32L4xx_HAL_Driver/Src/stm32l4xx_hal_tim.c.obj
 .text.TIM_ETR_SetConfig
                0x0801339c       0x40 CMakeFiles/31_05_2024.dir/Drivers/STM32L4xx_HAL_Driver/Src/stm32l4xx_hal_tim.c.obj
                0x0801339c                TIM_ETR_SetConfig
 .text.TIM_CCxChannelCmd
                0x080133dc       0x4a CMakeFiles/31_05_2024.dir/Drivers/STM32L4xx_HAL_Driver/Src/stm32l4xx_hal_tim.c.obj
                0x080133dc                TIM_CCxChannelCmd
 *fill*         0x08013426        0x2 
 .text.HAL_TIMEx_MasterConfigSynchronization
                0x08013428      0x110 CMakeFiles/31_05_2024.dir/Drivers/STM32L4xx_HAL_Driver/Src/stm32l4xx_hal_tim_ex.c.obj
                0x08013428                HAL_TIMEx_MasterConfigSynchronization
 .text.HAL_TIMEx_CommutCallback
                0x08013538       0x14 CMakeFiles/31_05_2024.dir/Drivers/STM32L4xx_HAL_Driver/Src/stm32l4xx_hal_tim_ex.c.obj
                0x08013538                HAL_TIMEx_CommutCallback
 .text.HAL_TIMEx_BreakCallback
                0x0801354c       0x14 CMakeFiles/31_05_2024.dir/Drivers/STM32L4xx_HAL_Driver/Src/stm32l4xx_hal_tim_ex.c.obj
                0x0801354c                HAL_TIMEx_BreakCallback
 .text.HAL_TIMEx_Break2Callback
                0x08013560       0x14 CMakeFiles/31_05_2024.dir/Drivers/STM32L4xx_HAL_Driver/Src/stm32l4xx_hal_tim_ex.c.obj
                0x08013560                HAL_TIMEx_Break2Callback
 .text.HAL_UART_Init
                0x08013574       0x9c CMakeFiles/31_05_2024.dir/Drivers/STM32L4xx_HAL_Driver/Src/stm32l4xx_hal_uart.c.obj
                0x08013574                HAL_UART_Init
 .text.HAL_UART_Transmit
                0x08013610      0x112 CMakeFiles/31_05_2024.dir/Drivers/STM32L4xx_HAL_Driver/Src/stm32l4xx_hal_uart.c.obj
                0x08013610                HAL_UART_Transmit
 *fill*         0x08013722        0x2 
 .text.UART_SetConfig
                0x08013724      0x570 CMakeFiles/31_05_2024.dir/Drivers/STM32L4xx_HAL_Driver/Src/stm32l4xx_hal_uart.c.obj
                0x08013724                UART_SetConfig
 .text.UART_AdvFeatureConfig
                0x08013c94      0x144 CMakeFiles/31_05_2024.dir/Drivers/STM32L4xx_HAL_Driver/Src/stm32l4xx_hal_uart.c.obj
                0x08013c94                UART_AdvFeatureConfig
 .text.UART_CheckIdleState
                0x08013dd8      0x150 CMakeFiles/31_05_2024.dir/Drivers/STM32L4xx_HAL_Driver/Src/stm32l4xx_hal_uart.c.obj
                0x08013dd8                UART_CheckIdleState
 .text.UART_WaitOnFlagUntilTimeout
                0x08013f28       0xce CMakeFiles/31_05_2024.dir/Drivers/STM32L4xx_HAL_Driver/Src/stm32l4xx_hal_uart.c.obj
                0x08013f28                UART_WaitOnFlagUntilTimeout
 .text.UART_EndRxTransfer
                0x08013ff6       0xc8 CMakeFiles/31_05_2024.dir/Drivers/STM32L4xx_HAL_Driver/Src/stm32l4xx_hal_uart.c.obj
 *fill*         0x080140be        0x2 
 .text.SystemInit
                0x080140c0       0x24 CMakeFiles/31_05_2024.dir/Core/Src/system_stm32l4xx.c.obj
                0x080140c0                SystemInit
 .text.disk_status
                0x080140e4       0x34 CMakeFiles/31_05_2024.dir/Middlewares/Third_Party/FatFs/src/diskio.c.obj
                0x080140e4                disk_status
 .text.disk_initialize
                0x08014118       0x4c CMakeFiles/31_05_2024.dir/Middlewares/Third_Party/FatFs/src/diskio.c.obj
                0x08014118                disk_initialize
 .text.disk_read
                0x08014164       0x40 CMakeFiles/31_05_2024.dir/Middlewares/Third_Party/FatFs/src/diskio.c.obj
                0x08014164                disk_read
 .text.disk_write
                0x080141a4       0x40 CMakeFiles/31_05_2024.dir/Middlewares/Third_Party/FatFs/src/diskio.c.obj
                0x080141a4                disk_write
 .text.disk_ioctl
                0x080141e4       0x3c CMakeFiles/31_05_2024.dir/Middlewares/Third_Party/FatFs/src/diskio.c.obj
                0x080141e4                disk_ioctl
 .text.ld_word  0x08014220       0x30 CMakeFiles/31_05_2024.dir/Middlewares/Third_Party/FatFs/src/ff.c.obj
 .text.ld_dword
                0x08014250       0x46 CMakeFiles/31_05_2024.dir/Middlewares/Third_Party/FatFs/src/ff.c.obj
 .text.st_word  0x08014296       0x36 CMakeFiles/31_05_2024.dir/Middlewares/Third_Party/FatFs/src/ff.c.obj
 .text.st_dword
                0x080142cc       0x58 CMakeFiles/31_05_2024.dir/Middlewares/Third_Party/FatFs/src/ff.c.obj
 .text.mem_cpy  0x08014324       0x42 CMakeFiles/31_05_2024.dir/Middlewares/Third_Party/FatFs/src/ff.c.obj
 .text.mem_set  0x08014366       0x36 CMakeFiles/31_05_2024.dir/Middlewares/Third_Party/FatFs/src/ff.c.obj
 .text.mem_cmp  0x0801439c       0x4e CMakeFiles/31_05_2024.dir/Middlewares/Third_Party/FatFs/src/ff.c.obj
 .text.chk_chr  0x080143ea       0x36 CMakeFiles/31_05_2024.dir/Middlewares/Third_Party/FatFs/src/ff.c.obj
 .text.chk_lock
                0x08014420       0xb8 CMakeFiles/31_05_2024.dir/Middlewares/Third_Party/FatFs/src/ff.c.obj
 .text.enq_lock
                0x080144d8       0x44 CMakeFiles/31_05_2024.dir/Middlewares/Third_Party/FatFs/src/ff.c.obj
 .text.inc_lock
                0x0801451c      0x11c CMakeFiles/31_05_2024.dir/Middlewares/Third_Party/FatFs/src/ff.c.obj
 .text.dec_lock
                0x08014638       0x78 CMakeFiles/31_05_2024.dir/Middlewares/Third_Party/FatFs/src/ff.c.obj
 .text.clear_lock
                0x080146b0       0x48 CMakeFiles/31_05_2024.dir/Middlewares/Third_Party/FatFs/src/ff.c.obj
 .text.sync_window
                0x080146f8       0x88 CMakeFiles/31_05_2024.dir/Middlewares/Third_Party/FatFs/src/ff.c.obj
 .text.move_window
                0x08014780       0x5a CMakeFiles/31_05_2024.dir/Middlewares/Third_Party/FatFs/src/ff.c.obj
 *fill*         0x080147da        0x2 
 .text.sync_fs  0x080147dc       0xe0 CMakeFiles/31_05_2024.dir/Middlewares/Third_Party/FatFs/src/ff.c.obj
 .text.clust2sect
                0x080148bc       0x3e CMakeFiles/31_05_2024.dir/Middlewares/Third_Party/FatFs/src/ff.c.obj